Component: ARM Compiler 5.06 update 6 (build 750) Tool: armlink [4d35ed]

==============================================================================

Section Cross References

    startup_stm32f10x_hd.o(STACK) refers (Special) to heapauxi.o(.text) for __use_two_region_memory
    startup_stm32f10x_hd.o(HEAP) refers (Special) to heapauxi.o(.text) for __use_two_region_memory
    startup_stm32f10x_hd.o(RESET) refers (Special) to heapauxi.o(.text) for __use_two_region_memory
    startup_stm32f10x_hd.o(RESET) refers to startup_stm32f10x_hd.o(STACK) for __initial_sp
    startup_stm32f10x_hd.o(RESET) refers to startup_stm32f10x_hd.o(.text) for Reset_Handler
    startup_stm32f10x_hd.o(RESET) refers to stm32f10x_it.o(i.NMI_Handler) for NMI_Handler
    startup_stm32f10x_hd.o(RESET) refers to stm32f10x_it.o(i.HardFault_Handler) for HardFault_Handler
    startup_stm32f10x_hd.o(RESET) refers to stm32f10x_it.o(i.MemManage_Handler) for MemManage_Handler
    startup_stm32f10x_hd.o(RESET) refers to stm32f10x_it.o(i.BusFault_Handler) for BusFault_Handler
    startup_stm32f10x_hd.o(RESET) refers to stm32f10x_it.o(i.UsageFault_Handler) for UsageFault_Handler
    startup_stm32f10x_hd.o(RESET) refers to stm32f10x_it.o(i.SVC_Handler) for SVC_Handler
    startup_stm32f10x_hd.o(RESET) refers to stm32f10x_it.o(i.DebugMon_Handler) for DebugMon_Handler
    startup_stm32f10x_hd.o(RESET) refers to stm32f10x_it.o(i.PendSV_Handler) for PendSV_Handler
    startup_stm32f10x_hd.o(RESET) refers to stm32f10x_it.o(i.SysTick_Handler) for SysTick_Handler
    startup_stm32f10x_hd.o(RESET) refers to usart.o(i.USART1_IRQHandler) for USART1_IRQHandler
    startup_stm32f10x_hd.o(.text) refers (Special) to heapauxi.o(.text) for __use_two_region_memory
    startup_stm32f10x_hd.o(.text) refers to system_stm32f10x.o(i.SystemInit) for SystemInit
    startup_stm32f10x_hd.o(.text) refers to __main.o(!!!main) for __main
    startup_stm32f10x_hd.o(.text) refers to startup_stm32f10x_hd.o(HEAP) for Heap_Mem
    startup_stm32f10x_hd.o(.text) refers to startup_stm32f10x_hd.o(STACK) for Stack_Mem
    main.o(i.main) refers to stm32f10x_gpio.o(i.GPIO_SetBits) for GPIO_SetBits
    main.o(i.main) refers to system_stm32f10x.o(i.SystemInit) for SystemInit
    main.o(i.main) refers to delay.o(i.delay_init) for delay_init
    main.o(i.main) refers to delay.o(i.delay_ms) for delay_ms
    main.o(i.main) refers to ad9854.o(i.AD9854Init) for AD9854Init
    main.o(i.main) refers to ad9854.o(i.AD9854WriteFreqSingle) for AD9854WriteFreqSingle
    main.o(i.main) refers to usart.o(i.uart_init) for uart_init
    main.o(i.main) refers to key.o(i.KEY_Init) for KEY_Init
    main.o(i.main) refers to adc.o(i.Adc_Init) for Adc_Init
    main.o(i.main) refers to adc.o(i.Adc2_Init) for Adc2_Init
    main.o(i.main) refers to lcd.o(i.LCD_Init) for LCD_Init
    main.o(i.main) refers to stm32f10x_gpio.o(i.GPIO_ResetBits) for GPIO_ResetBits
    main.o(i.main) refers to lcd.o(i.LCD_DrawLine) for LCD_DrawLine
    main.o(i.main) refers to lcd.o(i.LCD_ShowString) for LCD_ShowString
    main.o(i.main) refers to stm32f10x_gpio.o(i.GPIO_ReadInputDataBit) for GPIO_ReadInputDataBit
    main.o(i.main) refers to lcd.o(i.LCD_Fill) for LCD_Fill
    main.o(i.main) refers to main.o(.data) for draw
    main.o(i.main) refers to adc.o(i.Get_Adc_Average) for Get_Adc_Average
    main.o(i.main) refers to dflt_clz.o(x$fpl$dfltu) for __aeabi_ui2d
    main.o(i.main) refers to adc.o(i.Get_Adc2_Average) for Get_Adc2_Average
    main.o(i.main) refers to ddiv.o(x$fpl$ddiv) for __aeabi_ddiv
    main.o(i.main) refers to dmul.o(x$fpl$dmul) for __aeabi_dmul
    main.o(i.main) refers to f2d.o(x$fpl$f2d) for __aeabi_f2d
    main.o(i.main) refers to daddsub_clz.o(x$fpl$dsub) for __aeabi_dsub
    main.o(i.main) refers to daddsub_clz.o(x$fpl$dadd) for __aeabi_dadd
    main.o(i.main) refers to sqrt.o(i.sqrt) for sqrt
    main.o(i.main) refers to log10.o(i.log10) for log10
    main.o(i.main) refers to atan.o(i.atan) for atan
    main.o(i.main) refers to dleqf.o(x$fpl$dleqf) for __aeabi_cdcmple
    main.o(i.main) refers to drleqf.o(x$fpl$drleqf) for __aeabi_cdrcmple
    main.o(i.main) refers to daddsub_clz.o(x$fpl$drsb) for __aeabi_drsub
    main.o(i.main) refers to dfix.o(x$fpl$dfix) for __aeabi_d2iz
    main.o(i.main) refers to lcd.o(i.LCD_DrawPoint) for LCD_DrawPoint
    main.o(i.main) refers to lcd.o(i.LCD_ShowNum) for LCD_ShowNum
    main.o(i.main) refers to dflt_clz.o(x$fpl$dflt) for __aeabi_i2d
    main.o(i.main) refers to dfixu.o(x$fpl$dfixu) for __aeabi_d2uiz
    main.o(i.main) refers to lcd.o(i.LCD_ShowFloat) for LCD_ShowFloat
    main.o(i.main) refers to ad9854.o(i.AD9854SetAmp) for AD9854SetAmp
    system_stm32f10x.o(i.SetSysClock) refers to system_stm32f10x.o(i.SetSysClockTo72) for SetSysClockTo72
    system_stm32f10x.o(i.SystemCoreClockUpdate) refers to system_stm32f10x.o(.data) for SystemCoreClock
    system_stm32f10x.o(i.SystemInit) refers to system_stm32f10x.o(i.SetSysClock) for SetSysClock
[...]
    ..\STM32F10x_FWLib\src\stm32f10x_usart.c 0x00000000   Number         0  stm32f10x_usart.o ABSOLUTE
    ..\STM32F10x_FWLib\src\stm32f10x_wwdg.c  0x00000000   Number         0  stm32f10x_wwdg.o ABSOLUTE
    ..\SYSTEM\delay\delay.c                  0x00000000   Number         0  delay.o ABSOLUTE
    ..\SYSTEM\sys\sys.c                      0x00000000   Number         0  sys.o ABSOLUTE
    ..\SYSTEM\usart\usart.c                  0x00000000   Number         0  usart.o ABSOLUTE
    ..\\CORE\\core_cm3.c                     0x00000000   Number         0  core_cm3.o ABSOLUTE
    ..\\SYSTEM\\sys\\sys.c                   0x00000000   Number         0  sys.o ABSOLUTE
    dc.s                                     0x00000000   Number         0  dc.o ABSOLUTE
    main.c                                   0x00000000   Number         0  main.o ABSOLUTE
    stm32f10x_it.c                           0x00000000   Number         0  stm32f10x_it.o ABSOLUTE
    system_stm32f10x.c                       0x00000000   Number         0  system_stm32f10x.o ABSOLUTE
    RESET                                    0x08000000   Section      304  startup_stm32f10x_hd.o(RESET)
    !!!main                                  0x08000130   Section        8  __main.o(!!!main)
    !!!scatter                               0x08000138   Section       52  __scatter.o(!!!scatter)
    !!handler_copy                           0x0800016c   Section       26  __scatter_copy.o(!!handler_copy)
    !!handler_zi                             0x08000188   Section       28  __scatter_zi.o(!!handler_zi)
    .ARM.Collect$$_printf_percent$$00000000  0x080001a4   Section        0  _printf_percent.o(.ARM.Collect$$_printf_percent$$00000000)
    .ARM.Collect$$_printf_percent$$0000000C  0x080001a4   Section        6  _printf_x.o(.ARM.Collect$$_printf_percent$$0000000C)
    .ARM.Collect$$_printf_percent$$00000017  0x080001aa   Section        4  _printf_percent_end.o(.ARM.Collect$$_printf_percent$$00000017)
    .ARM.Collect$$libinit$$00000000          0x080001ae   Section        2  libinit.o(.ARM.Collect$$libinit$$00000000)
    .ARM.Collect$$libinit$$00000002          0x080001b0   Section        0  libinit2.o(.ARM.Collect$$libinit$$00000002)
    .ARM.Collect$$libinit$$00000004          0x080001b0   Section        0  libinit2.o(.ARM.Collect$$libinit$$00000004)
    .ARM.Collect$$libinit$$0000000A          0x080001b0   Section        0  libinit2.o(.ARM.Collect$$libinit$$0000000A)
    .ARM.Collect$$libinit$$0000000C          0x080001b0   Section        0  libinit2.o(.ARM.Collect$$libinit$$0000000C)
    .ARM.Collect$$libinit$$0000000E          0x080001b0   Section        0  libinit2.o(.ARM.Collect$$libinit$$0000000E)
    .ARM.Collect$$libinit$$00000011          0x080001b0   Section        0  libinit2.o(.ARM.Collect$$libinit$$00000011)
    .ARM.Collect$$libinit$$00000013          0x080001b0   Section        0  libinit2.o(.ARM.Collect$$libinit$$00000013)
    .ARM.Collect$$libinit$$00000015          0x080001b0   Section        0  libinit2.o(.ARM.Collect$$libinit$$00000015)
    .ARM.Collect$$libinit$$00000017          0x080001b0   Section        0  libinit2.o(.ARM.Collect$$libinit$$00000017)
    .ARM.Collect$$libinit$$00000019          0x080001b0   Section        0  libinit2.o(.ARM.Collect$$libinit$$00000019)
    .ARM.Collect$$libinit$$0000001B          0x080001b0   Section        0  libinit2.o(.ARM.Collect$$libinit$$0000001B)
    .ARM.Collect$$libinit$$0000001D          0x080001b0   Section        0  libinit2.o(.ARM.Collect$$libinit$$0000001D)
    .ARM.Collect$$libinit$$0000001F          0x080001b0   Section        0  libinit2.o(.ARM.Collect$$libinit$$0000001F)
    .ARM.Collect$$libinit$$00000021          0x080001b0   Section        0  libinit2.o(.ARM.Collect$$libinit$$00000021)
    .ARM.Collect$$libinit$$00000023          0x080001b0   Section        0  libinit2.o(.ARM.Collect$$libinit$$00000023)
    .ARM.Collect$$libinit$$00000025          0x080001b0   Section        0  libinit2.o(.ARM.Collect$$libinit$$00000025)
    .ARM.Collect$$libinit$$0000002C          0x080001b0   Section        0  libinit2.o(.ARM.Collect$$libinit$$0000002C)
    .ARM.Collect$$libinit$$0000002E          0x080001b0   Section        0  libinit2.o(.ARM.Collect$$libinit$$0000002E)
    .ARM.Collect$$libinit$$00000030          0x080001b0   Section        0  libinit2.o(.ARM.Collect$$libinit$$00000030)
    .ARM.Collect$$libinit$$00000032          0x080001b0   Section        0  libinit2.o(.ARM.Collect$$libinit$$00000032)
    .ARM.Collect$$libinit$$00000033          0x080001b0   Section        2  libinit2.o(.ARM.Collect$$libinit$$00000033)
    .ARM.Collect$$libshutdown$$00000000      0x080001b2   Section        2  libshutdown.o(.ARM.Collect$$libshutdown$$00000000)
    .ARM.Collect$$libshutdown$$00000002      0x080001b4   Section        0  libshutdown2.o(.ARM.Collect$$libshutdown$$00000002)
    .ARM.Collect$$libshutdown$$00000004      0x080001b4   Section        0  libshutdown2.o(.ARM.Collect$$libshutdown$$00000004)
    .ARM.Collect$$libshutdown$$00000007      0x080001b4   Section        0  libshutdown2.o(.ARM.Collect$$libshutdown$$00000007)
    .ARM.Collect$$libshutdown$$0000000A      0x080001b4   Section        0  libshutdown2.o(.ARM.Collect$$libshutdown$$0000000A)
    .ARM.Collect$$libshutdown$$0000000C      0x080001b4   Section        0  libshutdown2.o(.ARM.Collect$$libshutdown$$0000000C)
    .ARM.Collect$$libshutdown$$0000000F      0x080001b4   Section        0  libshutdown2.o(.ARM.Collect$$libshutdown$$0000000F)
    .ARM.Collect$$libshutdown$$00000010      0x080001b4   Section        2  libshutdown2.o(.ARM.Collect$$libshutdown$$00000010)
    .ARM.Collect$$rtentry$$00000000          0x080001b6   Section        0  __rtentry.o(.ARM.Collect$$rtentry$$00000000)
    .ARM.Collect$$rtentry$$00000002          0x080001b6   Section        0  __rtentry2.o(.ARM.Collect$$rtentry$$00000002)
    .ARM.Collect$$rtentry$$00000004          0x080001b6   Section        6  __rtentry4.o(.ARM.Collect$$rtentry$$00000004)
    .ARM.Collect$$rtentry$$00000009          0x080001bc   Section        0  __rtentry2.o(.ARM.Collect$$rtentry$$00000009)
    .ARM.Collect$$rtentry$$0000000A          0x080001bc   Section        4  __rtentry2.o(.ARM.Collect$$rtentry$$0000000A)
    .ARM.Collect$$rtentry$$0000000C          0x080001c0   Section        0  __rtentry2.o(.ARM.Collect$$rtentry$$0000000C)
    .ARM.Collect$$rtentry$$0000000D          0x080001c0   Section        8  __rtentry2.o(.ARM.Collect$$rtentry$$0000000D)
    .ARM.Collect$$rtexit$$00000000           0x080001c8   Section        2  rtexit.o(.ARM.Collect$$rtexit$$00000000)
    .ARM.Collect$$rtexit$$00000002           0x080001ca   Section        0  rtexit2.o(.ARM.Collect$$rtexit$$00000002)
    .ARM.Collect$$rtexit$$00000003           0x080001ca   Section        4  rtexit2.o(.ARM.Collect$$rtexit$$00000003)
    .ARM.Collect$$rtexit$$00000004           0x080001ce   Section        6  rtexit2.o(.ARM.Collect$$rtexit$$00000004)
    .text                                    0x080001d4   Section       64  startup_stm32f10x_hd.o(.text)
    .text                                    0x08000214   Section        2  use_no_semi_2.o(.text)
    .text                                    0x08000216   Section      238  lludivv7m.o(.text)
    .text                                    0x08000304   Section        0  noretval__2printf.o(.text)
    .text                                    0x0800031c   Section        0  __printf.o(.text)
    .text                                    0x08000384   Section        0  _printf_hex_int.o(.text)
    .text                                    0x080003dc   Section        0  heapauxi.o(.text)
    .text                                    0x080003e2   Section        2  use_no_semi.o(.text)
    .text                                    0x080003e4   Section        0  _rserrno.o(.text)
    .text                                    0x080003fa   Section        0  _printf_intcommon.o(.text)
    .text                                    0x080004ac   Section        0  _printf_char_file.o(.text)
    .text                                    0x080004d0   Section        8  rt_errno_addr_intlibspace.o(.text)
    .text                                    0x080004d8   Section        0  _printf_char_common.o(.text)
    _printf_input_char                       0x080004d9   Thumb Code    10  _printf_char_common.o(.text)
    .text                                    0x08000508   Section        0  ferror.o(.text)
    .text                                    0x08000510   Section        8  libspace.o(.text)
    .text                                    0x08000518   Section       74  sys_stackheap_outer.o(.text)
    .text                                    0x08000562   Section        0  exit.o(.text)
    i.AD9854IOReset                          0x08000574   Section        0  ad9854.o(i.AD9854IOReset)
    i.AD9854Init                             0x08000594   Section        0  ad9854.o(i.AD9854Init)
    i.AD9854PortInit                         0x080005b0   Section        0  ad9854.o(i.AD9854PortInit)
    i.AD9854Reset                            0x080006bc   Section        0  ad9854.o(i.AD9854Reset)
    i.AD9854SetAmp                           0x080006f0   Section        0  ad9854.o(i.AD9854SetAmp)
    i.AD9854WriteByte                        0x08000718   Section        0  ad9854.o(i.AD9854WriteByte)
    i.AD9854WriteCtR                         0x08000768   Section        0  ad9854.o(i.AD9854WriteCtR)
    i.AD9854WriteFreqSingle                  0x080007b4   Section        0  ad9854.o(i.AD9854WriteFreqSingle)
    i.ADC_Cmd                                0x08000830   Section        0  stm32f10x_adc.o(i.ADC_Cmd)
    i.ADC_DeInit                             0x08000848   Section        0  stm32f10x_adc.o(i.ADC_DeInit)
    i.ADC_GetCalibrationStatus               0x080008a4   Section        0  stm32f10x_adc.o(i.ADC_GetCalibrationStatus)
    i.ADC_GetConversionValue                 0x080008b8   Section        0  stm32f10x_adc.o(i.ADC_GetConversionValue)
    i.ADC_GetFlagStatus                      0x080008c0   Section        0  stm32f10x_adc.o(i.ADC_GetFlagStatus)
    i.ADC_GetResetCalibrationStatus          0x080008d2   Section        0  stm32f10x_adc.o(i.ADC_GetResetCalibrationStatus)
    i.ADC_Init                               0x080008e8   Section        0  stm32f10x_adc.o(i.ADC_Init)
    i.ADC_RegularChannelConfig               0x08000938   Section        0  stm32f10x_adc.o(i.ADC_RegularChannelConfig)
    i.ADC_ResetCalibration                   0x080009f0   Section        0  stm32f10x_adc.o(i.ADC_ResetCalibration)
    i.ADC_SoftwareStartConvCmd               0x080009fa   Section        0  stm32f10x_adc.o(i.ADC_SoftwareStartConvCmd)
    i.ADC_StartCalibration                   0x08000a10   Section        0  stm32f10x_adc.o(i.ADC_StartCalibration)
    i.AMP_SETUP                              0x08000a1c   Section        0  ad9854.o(i.AMP_SETUP)
    i.Adc2_Init                              0x08000a80   Section        0  adc.o(i.Adc2_Init)
    i.Adc_Init                               0x08000b0c   Section        0  adc.o(i.Adc_Init)
    i.BusFault_Handler                       0x08000b98   Section        0  stm32f10x_it.o(i.BusFault_Handler)
    i.CalculateFreqWord                      0x08000b9c   Section        0  ad9854.o(i.CalculateFreqWord)
    i.DebugMon_Handler                       0x08000c08   Section        0  stm32f10x_it.o(i.DebugMon_Handler)
    i.GPIO_Init                              0x08000c0a   Section        0  stm32f10x_gpio.o(i.GPIO_Init)
    i.GPIO_PinRemapConfig                    0x08000d20   Section        0  stm32f10x_gpio.o(i.GPIO_PinRemapConfig)
    i.GPIO_ReadInputDataBit                  0x08000db0   Section        0  stm32f10x_gpio.o(i.GPIO_ReadInputDataBit)
    i.GPIO_ResetBits                         0x08000dc2   Section        0  stm32f10x_gpio.o(i.GPIO_ResetBits)
    i.GPIO_SetBits                           0x08000dc6   Section        0  stm32f10x_gpio.o(i.GPIO_SetBits)
    i.Get_Adc                                0x08000dcc   Section        0  adc.o(i.Get_Adc)
    i.Get_Adc2                               0x08000e00   Section        0  adc.o(i.Get_Adc2)
    i.Get_Adc2_Average                       0x08000e34   Section        0  adc.o(i.Get_Adc2_Average)
    i.Get_Adc_Average                        0x08000e62   Section        0  adc.o(i.Get_Adc_Average)
    i.HardFault_Handler                      0x08000e90   Section        0  stm32f10x_it.o(i.HardFault_Handler)
    i.KEY_Init                               0x08000e94   Section        0  key.o(i.KEY_Init)
    i.LCD_Clear                              0x08000ef4   Section        0  lcd.o(i.LCD_Clear)
    i.LCD_Display_Dir                        0x08000f7c   Section        0  lcd.o(i.LCD_Display_Dir)
    i.LCD_DrawLine                           0x0800113c   Section        0  lcd.o(i.LCD_DrawLine)
    i.LCD_DrawPoint                          0x080011ec   Section        0  lcd.o(i.LCD_DrawPoint)
    i.LCD_Fast_DrawPoint                     0x0800122c   Section        0  lcd.o(i.LCD_Fast_DrawPoint)
    i.LCD_Fill                               0x08001590   Section        0  lcd.o(i.LCD_Fill)
    i.LCD_Init                               0x08001664   Section        0  lcd.o(i.LCD_Init)
    i.LCD_Pow                                0x08005220   Section        0  lcd.o(i.LCD_Pow)
    i.LCD_RD_DATA                            0x08005238   Section        0  lcd.o(i.LCD_RD_DATA)
    i.LCD_ReadReg                            0x080052a8   Section        0  lcd.o(i.LCD_ReadReg)
    i.LCD_SSD_BackLightSet                   0x080052b8   Section        0  lcd.o(i.LCD_SSD_BackLightSet)
    i.LCD_Scan_Dir                           0x0800538c   Section        0  lcd.o(i.LCD_Scan_Dir)
    i.LCD_SetCursor                          0x080057e4   Section        0  lcd.o(i.LCD_SetCursor)
    i.LCD_ShowChar                           0x08005ba0   Section        0  lcd.o(i.LCD_ShowChar)
    i.LCD_ShowFloat                          0x08005cc8   Section        0  lcd.o(i.LCD_ShowFloat)
    i.LCD_ShowNum                            0x08005f14   Section        0  lcd.o(i.LCD_ShowNum)
    i.LCD_ShowString                         0x08005fa8   Section        0  lcd.o(i.LCD_ShowString)
    i.LCD_WR_DATAX                           0x08006010   Section        0  lcd.o(i.LCD_WR_DATAX)
    i.LCD_WR_REG                             0x08006034   Section        0  lcd.o(i.LCD_WR_REG)
    i.LCD_WriteRAM_Prepare                   0x08006058   Section        0  lcd.o(i.LCD_WriteRAM_Prepare)
    i.LCD_WriteReg                           0x08006068   Section        0  lcd.o(i.LCD_WriteReg)
    i.MemManage_Handler                      0x08006098   Section        0  stm32f10x_it.o(i.MemManage_Handler)
    i.NMI_Handler                            0x0800609c   Section        0  stm32f10x_it.o(i.NMI_Handler)
    i.NVIC_Init                              0x080060a0   Section        0  misc.o(i.NVIC_Init)
    i.PendSV_Handler                         0x08006110   Section        0  stm32f10x_it.o(i.PendSV_Handler)
    i.RCC_ADCCLKConfig                       0x08006114   Section        0  stm32f10x_rcc.o(i.RCC_ADCCLKConfig)
    i.RCC_APB2PeriphClockCmd                 0x0800612c   Section        0  stm32f10x_rcc.o(i.RCC_APB2PeriphClockCmd)
    i.RCC_APB2PeriphResetCmd                 0x0800614c   Section        0  stm32f10x_rcc.o(i.RCC_APB2PeriphResetCmd)
    i.RCC_GetClocksFreq                      0x0800616c   Section        0  stm32f10x_rcc.o(i.RCC_GetClocksFreq)
    i.SVC_Handler                            0x08006240   Section        0  stm32f10x_it.o(i.SVC_Handler)
    i.SetSysClock                            0x08006242   Section        0  system_stm32f10x.o(i.SetSysClock)
    SetSysClock                              0x08006243   Thumb Code     8  system_stm32f10x.o(i.SetSysClock)
    i.SetSysClockTo72                        0x0800624c   Section        0  system_stm32f10x.o(i.SetSysClockTo72)
    SetSysClockTo72                          0x0800624d   Thumb Code   214  system_stm32f10x.o(i.SetSysClockTo72)
    i.SysTick_CLKSourceConfig                0x0800632c   Section        0  misc.o(i.SysTick_CLKSourceConfig)
    i.SysTick_Handler                        0x08006354   Section        0  stm32f10x_it.o(i.SysTick_Handler)
    i.SystemInit                             0x08006358   Section        0  system_stm32f10x.o(i.SystemInit)
    i.USART1_IRQHandler                      0x080063b8   Section        0  usart.o(i.USART1_IRQHandler)
    i.USART_Cmd                              0x08006440   Section        0  stm32f10x_usart.o(i.USART_Cmd)
    i.USART_GetITStatus                      0x08006458   Section        0  stm32f10x_usart.o(i.USART_GetITStatus)
    i.USART_ITConfig                         0x080064ac   Section        0  stm32f10x_usart.o(i.USART_ITConfig)
    i.USART_Init                             0x080064f8   Section        0  stm32f10x_usart.o(i.USART_Init)
    i.USART_ReceiveData                      0x080065d0   Section        0  stm32f10x_usart.o(i.USART_ReceiveData)
    i.Update_AD9854                          0x080065dc   Section        0  ad9854.o(i.Update_AD9854)
    i.UsageFault_Handler                     0x080065fc   Section        0  stm32f10x_it.o(i.UsageFault_Handler)
    i.__ARM_fpclassify                       0x08006600   Section        0  fpclassify.o(i.__ARM_fpclassify)
    i.__kernel_poly                          0x08006628   Section        0  poly.o(i.__kernel_poly)
    i.__mathlib_dbl_divzero                  0x080066d4   Section        0  dunder.o(i.__mathlib_dbl_divzero)
    i.__mathlib_dbl_infnan                   0x080066e4   Section        0  dunder.o(i.__mathlib_dbl_infnan)
    i.__mathlib_dbl_invalid                  0x080066ea   Section        0  dunder.o(i.__mathlib_dbl_invalid)
    i.__mathlib_dbl_underflow                0x080066f8   Section        0  dunder.o(i.__mathlib_dbl_underflow)
    i._sys_exit                              0x08006708   Section        0  usart.o(i._sys_exit)
    i.atan                                   0x08006710   Section        0  atan.o(i.atan)
    i.delay_init                             0x08006930   Section        0  delay.o(i.delay_init)
    i.delay_ms                               0x08006974   Section        0  delay.o(i.delay_ms)
    i.delay_us                               0x080069c0   Section        0  delay.o(i.delay_us)
    i.fputc                                  0x08006a0c   Section        0  usart.o(i.fputc)
    i.log                                    0x08006a28   Section        0  log.o(i.log)
    i.log10                                  0x08006d84   Section        0  log10.o(i.log10)
    i.main                                   0x08006e68   Section        0  main.o(i.main)
    i.sqrt                                   0x08007c50   Section        0  sqrt.o(i.sqrt)
    i.uart_init                              0x08007c9c   Section        0  usart.o(i.uart_init)
    x$fpl$dadd                               0x08007d3c   Section      336  daddsub_clz.o(x$fpl$dadd)
    _dadd1                                   0x08007d4d   Thumb Code     0  daddsub_clz.o(x$fpl$dadd)
    x$fpl$dcheck1                            0x08007e8c   Section       16  dcheck1.o(x$fpl$dcheck1)
    x$fpl$dcmpinf                            0x08007e9c   Section       24  dcmpi.o(x$fpl$dcmpinf)
    x$fpl$ddiv                               0x08007eb4   Section      688  ddiv.o(x$fpl$ddiv)
    ddiv_entry                               0x08007ebb   Thumb Code     0  ddiv.o(x$fpl$ddiv)
    x$fpl$deqf                               0x08008164   Section      120  deqf.o(x$fpl$deqf)
    x$fpl$dfix                               0x080081dc   Section       94  dfix.o(x$fpl$dfix)
    x$fpl$dfixu                              0x0800823c   Section       90  dfixu.o(x$fpl$dfixu)
    x$fpl$dflt                               0x08008296   Section       46  dflt_clz.o(x$fpl$dflt)
    x$fpl$dfltu                              0x080082c4   Section       38  dflt_clz.o(x$fpl$dfltu)
    x$fpl$dfltull                            0x080082ec   Section      138  dfltll_clz.o(x$fpl$dfltull)
    x$fpl$dleqf                              0x08008378   Section      120  dleqf.o(x$fpl$dleqf)
    x$fpl$dmul                               0x080083f0   Section      340  dmul.o(x$fpl$dmul)
    x$fpl$dnaninf                            0x08008544   Section      156  dnaninf.o(x$fpl$dnaninf)
    x$fpl$dretinf                            0x080085e0   Section       12  dretinf.o(x$fpl$dretinf)
    x$fpl$drleqf                             0x080085ec   Section      108  drleqf.o(x$fpl$drleqf)
    x$fpl$drsb                               0x08008658   Section       22  daddsub_clz.o(x$fpl$drsb)
    x$fpl$dsqrt                              0x08008670   Section      460  dsqrt_noumaal.o(x$fpl$dsqrt)
    x$fpl$dsub                               0x0800883c   Section      468  daddsub_clz.o(x$fpl$dsub)
    _dsub1                                   0x0800884d   Thumb Code     0  daddsub_clz.o(x$fpl$dsub)
    x$fpl$f2d                                0x08008a10   Section       86  f2d.o(x$fpl$f2d)
    x$fpl$fnaninf                            0x08008a66   Section      140  fnaninf.o(x$fpl$fnaninf)
    x$fpl$llufromd                           0x08008af4   Section      120  dfixull.o(x$fpl$llufromd)
    x$fpl$retnan                             0x08008b6c   Section      100  retnan.o(x$fpl$retnan)
    x$fpl$scalbn                             0x08008bd0   Section       92  scalbn.o(x$fpl$scalbn)
    x$fpl$trapveneer                         0x08008c2c   Section       48  trapv.o(x$fpl$trapveneer)
    .constdata                               0x08008c5c   Section     6080  lcd.o(.constdata)
    x$fpl$usenofp                            0x08008c5c   Section        0  usenofp.o(x$fpl$usenofp)
    .constdata                               0x0800a41c   Section       40  _printf_hex_int.o(.constdata)
    uc_hextab                                0x0800a41c   Data          20  _printf_hex_int.o(.constdata)
    lc_hextab                                0x0800a430   Data          20  _printf_hex_int.o(.constdata)
    .constdata                               0x0800a448   Section      152  atan.o(.constdata)
    atanhi                                   0x0800a448   Data          32  atan.o(.constdata)
    atanlo                                   0x0800a468   Data          32  atan.o(.constdata)
    aTodd                                    0x0800a488   Data          40  atan.o(.constdata)
    aTeven                                   0x0800a4b0   Data          48  atan.o(.constdata)
    .constdata                               0x0800a4e0   Section       56  log.o(.constdata)
    Lg2                                      0x0800a4e0   Data          24  log.o(.constdata)
    Lg                                       0x0800a4f8   Data          32  log.o(.constdata)
    .constdata                               0x0800a518   Section        8  qnan.o(.constdata)
    .data                                    0x20000000   Section      132  main.o(.data)
    addr                                     0x20000000   Data          12  main.o(.data)
    addrRead                                 0x2000000c   Data          12  main.o(.data)
    AMPI                                     0x20000018   Data           2  main.o(.data)
    AMPQ                                     0x2000001a   Data           2  main.o(.data)
    freqbg                                   0x2000001c   Data           6  main.o(.data)
    freqend                                  0x20000022   Data           6  main.o(.data)
    freqstep                                 0x20000028   Data           6  main.o(.data)
    freqstay                                 0x2000002e   Data           3  main.o(.data)
    ctr                                      0x20000031   Data           4  main.o(.data)
    ctrsw                                    0x20000035   Data           4  main.o(.data)
    freqcrior                                0x20000039   Data           6  main.o(.data)
    ctrpsk                                   0x2000003f   Data           4  main.o(.data)
    ctrchirp                                 0x20000043   Data           4  main.o(.data)
    phase1                                   0x20000047   Data           2  main.o(.data)
    phase2                                   0x20000049   Data           2  main.o(.data)
    .data                                    0x20000084   Section       20  system_stm32f10x.o(.data)
    .data                                    0x20000098   Section       20  stm32f10x_rcc.o(.data)
    APBAHBPrescTable                         0x20000098   Data          16  stm32f10x_rcc.o(.data)
    ADCPrescTable                            0x200000a8   Data           4  stm32f10x_rcc.o(.data)
    .data                                    0x200000ac   Section       81  ad9854.o(.data)
    addr                                     0x200000ac   Data          12  ad9854.o(.data)
    addrRead                                 0x200000b8   Data          12  ad9854.o(.data)
    AMPI                                     0x200000c4   Data           2  ad9854.o(.data)
    AMPQ                                     0x200000c6   Data           2  ad9854.o(.data)
    freqbg                                   0x200000c8   Data           6  ad9854.o(.data)
    freqend                                  0x200000ce   Data           6  ad9854.o(.data)
    freqstep                                 0x200000d4   Data           6  ad9854.o(.data)
    freqstay                                 0x200000da   Data           3  ad9854.o(.data)
    ctr                                      0x200000dd   Data           4  ad9854.o(.data)
    ctrsw                                    0x200000e1   Data           4  ad9854.o(.data)
    freqcrior                                0x200000e5   Data           6  ad9854.o(.data)
    ctrpsk                                   0x200000eb   Data           4  ad9854.o(.data)
    ctrchirp                                 0x200000ef   Data           4  ad9854.o(.data)
    phase1                                   0x200000f3   Data           2  ad9854.o(.data)
    phase2                                   0x200000f5   Data           2  ad9854.o(.data)
    .data                                    0x200000fe   Section        4  delay.o(.data)
    fac_us                                   0x200000fe   Data           1  delay.o(.data)
    fac_ms                                   0x20000100   Data           2  delay.o(.data)
    .data                                    0x20000104   Section        6  usart.o(.data)
    .data                                    0x2000010a   Section        4  lcd.o(.data)
    .bss                                     0x20000110   Section      200  usart.o(.bss)
    .bss                                     0x200001d8   Section       14  lcd.o(.bss)
    .bss                                     0x200001e8   Section       96  libspace.o(.bss)
    HEAP                                     0x20000248   Section      512  startup_stm32f10x_hd.o(HEAP)
    Heap_Mem                                 0x20000248   Data         512  startup_stm32f10x_hd.o(HEAP)
    STACK                                    0x20000448   Section     1024  startup_stm32f10x_hd.o(STACK)
    Stack_Mem                                0x20000448   Data        1024  startup_stm32f10x_hd.o(STACK)
    __initial_sp                             0x20000848   Data           0  startup_stm32f10x_hd.o(STACK)

    Global Symbols

    Symbol Name                              Value     Ov Type        Size  Object(Section)

    BuildAttributes$$THM_ISAv4$P$D$K$B$S$PE$A:L22UL41UL21$X:L11$S22US41US21$IEEE1$IW$USESV6$~STKCKD$USESV7$~SHL$OTIME$ROPI$IEEEX$EBA8$UX$STANDARDLIB$REQ8$PRES8$EABIv2 0x00000000   Number         0  anon$$obj.o ABSOLUTE
    __ARM_use_no_argv                        0x00000000   Number         0  main.o ABSOLUTE
    __ARM_exceptions_init                     - Undefined Weak Reference
    __alloca_initialize                       - Undefined Weak Reference
    __arm_preinit_                            - Undefined Weak Reference
    __cpp_initialize__aeabi_                  - Undefined Weak Reference
    __cxa_finalize                            - Undefined Weak Reference
    __rt_locale                               - Undefined Weak Reference
    __sigvec_lookup                           - Undefined Weak Reference
    _atexit_init                              - Undefined Weak Reference
    _call_atexit_fns                          - Undefined Weak Reference
    _clock_init                               - Undefined Weak Reference
    _fp_trap_init                             - Undefined Weak Reference
    _fp_trap_shutdown                         - Undefined Weak Reference
    _get_lc_collate                           - Undefined Weak Reference
    _get_lc_ctype                             - Undefined Weak Reference
    _get_lc_monetary                          - Undefined Weak Reference
    _get_lc_numeric                           - Undefined Weak Reference
    _get_lc_time                              - Undefined Weak Reference
    _getenv_init                              - Undefined Weak Reference
    _handle_redirection                       - Undefined Weak Reference
    _init_alloc                               - Undefined Weak Reference
    _init_user_alloc                          - Undefined Weak Reference
    _initio                                   - Undefined Weak Reference
    _mutex_acquire                            - Undefined Weak Reference
    _mutex_release                            - Undefined Weak Reference
    _printf_post_padding                      - Undefined Weak Reference
    _printf_pre_padding                       - Undefined Weak Reference
    _printf_truncate_unsigned                 - Undefined Weak Reference
    _rand_init                                - Undefined Weak Reference
    _signal_finish                            - Undefined Weak Reference
    _signal_init                              - Undefined Weak Reference
    _terminate_alloc                          - Undefined Weak Reference
    _terminate_user_alloc                     - Undefined Weak Reference
    _terminateio                              - Undefined Weak Reference
    __Vectors_Size                           0x00000130   Number         0  startup_stm32f10x_hd.o ABSOLUTE
    __Vectors                                0x08000000   Data           4  startup_stm32f10x_hd.o(RESET)
    __Vectors_End                            0x08000130   Data           0  startup_stm32f10x_hd.o(RESET)
    __main                                   0x08000131   Thumb Code     8  __main.o(!!!main)
    __scatterload                            0x08000139   Thumb Code     0  __scatter.o(!!!scatter)
    __scatterload_rt2                        0x08000139   Thumb Code    44  __scatter.o(!!!scatter)
    __scatterload_rt2_thumb_only             0x08000139   Thumb Code     0  __scatter.o(!!!scatter)
    __scatterload_null                       0x08000147   Thumb Code     0  __scatter.o(!!!scatter)
    __scatterload_copy                       0x0800016d   Thumb Code    26  __scatter_copy.o(!!handler_copy)
    __scatterload_zeroinit                   0x08000189   Thumb Code    28  __scatter_zi.o(!!handler_zi)
    _printf_percent                          0x080001a5   Thumb Code     0  _printf_percent.o(.ARM.Collect$$_printf_percent$$00000000)
    _printf_x                                0x080001a5   Thumb Code     0  _printf_x.o(.ARM.Collect$$_printf_percent$$0000000C)
    _printf_percent_end                      0x080001ab   Thumb Code     0  _printf_percent_end.o(.ARM.Collect$$_printf_percent$$00000017)
    __rt_lib_init                            0x080001af   Thumb Code     0  libinit.o(.ARM.Collect$$libinit$$00000000)
    __rt_lib_init_alloca_1                   0x080001b1   Thumb Code     0  libinit2.o(.ARM.Collect$$libinit$$0000002E)
    __rt_lib_init_argv_1                     0x080001b1   Thumb Code     0  libinit2.o(.ARM.Collect$$libinit$$0000002C)
    __rt_lib_init_atexit_1                   0x080001b1   Thumb Code     0  libinit2.o(.ARM.Collect$$libinit$$0000001B)
    __rt_lib_init_clock_1                    0x080001b1   Thumb Code     0  libinit2.o(.ARM.Collect$$libinit$$00000021)
    __rt_lib_init_cpp_1                      0x080001b1   Thumb Code     0  libinit2.o(.ARM.Collect$$libinit$$00000032)
    __rt_lib_init_exceptions_1               0x080001b1   Thumb Code     0  libinit2.o(.ARM.Collect$$libinit$$00000030)
    __rt_lib_init_fp_1                       0x080001b1   Thumb Code     0  libinit2.o(.ARM.Collect$$libinit$$00000002)
    __rt_lib_init_fp_trap_1                  0x080001b1   Thumb Code     0  libinit2.o(.ARM.Collect$$libinit$$0000001F)
    __rt_lib_init_getenv_1                   0x080001b1   Thumb Code     0  libinit2.o(.ARM.Collect$$libinit$$00000023)
    __rt_lib_init_heap_1                     0x080001b1   Thumb Code     0  libinit2.o(.ARM.Collect$$libinit$$0000000A)
    __rt_lib_init_lc_collate_1               0x080001b1   Thumb Code     0  libinit2.o(.ARM.Collect$$libinit$$00000011)
    __rt_lib_init_lc_ctype_1                 0x080001b1   Thumb Code     0  libinit2.o(.ARM.Collect$$libinit$$00000013)
    __rt_lib_init_lc_monetary_1              0x080001b1   Thumb Code     0  libinit2.o(.ARM.Collect$$libinit$$00000015)
    __rt_lib_init_lc_numeric_1               0x080001b1   Thumb Code     0  libinit2.o(.ARM.Collect$$libinit$$00000017)
    __rt_lib_init_lc_time_1                  0x080001b1   Thumb Code     0  libinit2.o(.ARM.Collect$$libinit$$00000019)
    __rt_lib_init_preinit_1                  0x080001b1   Thumb Code     0  libinit2.o(.ARM.Collect$$libinit$$00000004)
    __rt_lib_init_rand_1                     0x080001b1   Thumb Code     0  libinit2.o(.ARM.Collect$$libinit$$0000000E)
    __rt_lib_init_return                     0x080001b1   Thumb Code     0  libinit2.o(.ARM.Collect$$libinit$$00000033)
    __rt_lib_init_signal_1                   0x080001b1   Thumb Code     0  libinit2.o(.ARM.Collect$$libinit$$0000001D)
    __rt_lib_init_stdio_1                    0x080001b1   Thumb Code     0  libinit2.o(.ARM.Collect$$libinit$$00000025)
    __rt_lib_init_user_alloc_1               0x080001b1   Thumb Code     0  libinit2.o(.ARM.Collect$$libinit$$0000000C)
    __rt_lib_shutdown                        0x080001b3   Thumb Code     0  libshutdown.o(.ARM.Collect$$libshutdown$$00000000)
    __rt_lib_shutdown_cpp_1                  0x080001b5   Thumb Code     0  libshutdown2.o(.ARM.Collect$$libshutdown$$00000002)
    __rt_lib_shutdown_fp_trap_1              0x080001b5   Thumb Code     0  libshutdown2.o(.ARM.Collect$$libshutdown$$00000007)
    __rt_lib_shutdown_heap_1                 0x080001b5   Thumb Code     0  libshutdown2.o(.ARM.Collect$$libshutdown$$0000000F)
    __rt_lib_shutdown_return                 0x080001b5   Thumb Code     0  libshutdown2.o(.ARM.Collect$$libshutdown$$00000010)
    __rt_lib_shutdown_signal_1               0x080001b5   Thumb Code     0  libshutdown2.o(.ARM.Collect$$libshutdown$$0000000A)
    __rt_lib_shutdown_stdio_1                0x080001b5   Thumb Code     0  libshutdown2.o(.ARM.Collect$$libshutdown$$00000004)
    __rt_lib_shutdown_user_alloc_1           0x080001b5   Thumb Code     0  libshutdown2.o(.ARM.Collect$$libshutdown$$0000000C)
    __rt_entry                               0x080001b7   Thumb Code     0  __rtentry.o(.ARM.Collect$$rtentry$$00000000)
    __rt_entry_presh_1                       0x080001b7   Thumb Code     0  __rtentry2.o(.ARM.Collect$$rtentry$$00000002)
    __rt_entry_sh                            0x080001b7   Thumb Code     0  __rtentry4.o(.ARM.Collect$$rtentry$$00000004)
    __rt_entry_li                            0x080001bd   Thumb Code     0  __rtentry2.o(.ARM.Collect$$rtentry$$0000000A)
    __rt_entry_postsh_1                      0x080001bd   Thumb Code     0  __rtentry2.o(.ARM.Collect$$rtentry$$00000009)
    __rt_entry_main                          0x080001c1   Thumb Code     0  __rtentry2.o(.ARM.Collect$$rtentry$$0000000D)
    __rt_entry_postli_1                      0x080001c1   Thumb Code     0  __rtentry2.o(.ARM.Collect$$rtentry$$0000000C)
    __rt_exit                                0x080001c9   Thumb Code     0  rtexit.o(.ARM.Collect$$rtexit$$00000000)
    __rt_exit_ls                             0x080001cb   Thumb Code     0  rtexit2.o(.ARM.Collect$$rtexit$$00000003)
    __rt_exit_prels_1                        0x080001cb   Thumb Code     0  rtexit2.o(.ARM.Collect$$rtexit$$00000002)
    __rt_exit_exit                           0x080001cf   Thumb Code     0  rtexit2.o(.ARM.Collect$$rtexit$$00000004)
    Reset_Handler                            0x080001d5   Thumb Code     8  startup_stm32f10x_hd.o(.text)
    ADC1_2_IRQHandler                        0x080001ef   Thumb Code     0  startup_stm32f10x_hd.o(.text)
    ADC3_IRQHandler                          0x080001ef   Thumb Code     0  startup_stm32f10x_hd.o(.text)
    CAN1_RX1_IRQHandler                      0x080001ef   Thumb Code     0  startup_stm32f10x_hd.o(.text)
    CAN1_SCE_IRQHandler                      0x080001ef   Thumb Code     0  startup_stm32f10x_hd.o(.text)
    DMA1_Channel1_IRQHandler                 0x080001ef   Thumb Code     0  startup_stm32f10x_hd.o(.text)
    DMA1_Channel2_IRQHandler                 0x080001ef   Thumb Code     0  startup_stm32f10x_hd.o(.text)
    DMA1_Channel3_IRQHandler                 0x080001ef   Thumb Code     0  startup_stm32f10x_hd.o(.text)
    DMA1_Channel4_IRQHandler                 0x080001ef   Thumb Code     0  startup_stm32f10x_hd.o(.text)
    DMA1_Channel5_IRQHandler                 0x080001ef   Thumb Code     0  startup_stm32f10x_hd.o(.text)
    DMA1_Channel6_IRQHandler                 0x080001ef   Thumb Code     0  startup_stm32f10x_hd.o(.text)
    DMA1_Channel7_IRQHandler                 0x080001ef   Thumb Code     0  startup_stm32f10x_hd.o(.text)
    DMA2_Channel1_IRQHandler                 0x080001ef   Thumb Code     0  startup_stm32f10x_hd.o(.text)
    DMA2_Channel2_IRQHandler                 0x080001ef   Thumb Code     0  startup_stm32f10x_hd.o(.text)
    DMA2_Channel3_IRQHandler                 0x080001ef   Thumb Code     0  startup_stm32f10x_hd.o(.text)
    DMA2_Channel4_5_IRQHandler               0x080001ef   Thumb Code     0  startup_stm32f10x_hd.o(.text)
    EXTI0_IRQHandler                         0x080001ef   Thumb Code     0  startup_stm32f10x_hd.o(.text)
    EXTI15_10_IRQHandler                     0x080001ef   Thumb Code     0  startup_stm32f10x_hd.o(.text)
    EXTI1_IRQHandler                         0x080001ef   Thumb Code     0  startup_stm32f10x_hd.o(.text)
    EXTI2_IRQHandler                         0x080001ef   Thumb Code     0  startup_stm32f10x_hd.o(.text)
    EXTI3_IRQHandler                         0x080001ef   Thumb Code     0  startup_stm32f10x_hd.o(.text)
    EXTI4_IRQHandler                         0x080001ef   Thumb Code     0  startup_stm32f10x_hd.o(.text)
    EXTI9_5_IRQHandler                       0x080001ef   Thumb Code     0  startup_stm32f10x_hd.o(.text)
    FLASH_IRQHandler                         0x080001ef   Thumb Code     0  startup_stm32f10x_hd.o(.text)
    FSMC_IRQHandler                          0x080001ef   Thumb Code     0  startup_stm32f10x_hd.o(.text)
    I2C1_ER_IRQHandler                       0x080001ef   Thumb Code     0  startup_stm32f10x_hd.o(.text)
    I2C1_EV_IRQHandler                       0x080001ef   Thumb Code     0  startup_stm32f10x_hd.o(.text)
    I2C2_ER_IRQHandler                       0x080001ef   Thumb Code     0  startup_stm32f10x_hd.o(.text)
    I2C2_EV_IRQHandler                       0x080001ef   Thumb Code     0  startup_stm32f10x_hd.o(.text)
    PVD_IRQHandler                           0x080001ef   Thumb Code     0  startup_stm32f10x_hd.o(.text)
    RCC_IRQHandler                           0x080001ef   Thumb Code     0  startup_stm32f10x_hd.o(.text)
    RTCAlarm_IRQHandler                      0x080001ef   Thumb Code     0  startup_stm32f10x_hd.o(.text)
    RTC_IRQHandler                           0x080001ef   Thumb Code     0  startup_stm32f10x_hd.o(.text)
    SDIO_IRQHandler                          0x080001ef   Thumb Code     0  startup_stm32f10x_hd.o(.text)
    SPI1_IRQHandler                          0x080001ef   Thumb Code     0  startup_stm32f10x_hd.o(.text)
    SPI2_IRQHandler                          0x080001ef   Thumb Code     0  startup_stm32f10x_hd.o(.text)
    SPI3_IRQHandler                          0x080001ef   Thumb Code     0  startup_stm32f10x_hd.o(.text)
    TAMPER_IRQHandler                        0x080001ef   Thumb Code     0  startup_stm32f10x_hd.o(.text)
    TIM1_BRK_IRQHandler                      0x080001ef   Thumb Code     0  startup_stm32f10x_hd.o(.text)
    TIM1_CC_IRQHandler                       0x080001ef   Thumb Code     0  startup_stm32f10x_hd.o(.text)
    TIM1_TRG_COM_IRQHandler                  0x080001ef   Thumb Code     0  startup_stm32f10x_hd.o(.text)
    TIM1_UP_IRQHandler                       0x080001ef   Thumb Code     0  startup_stm32f10x_hd.o(.text)
    TIM2_IRQHandler                          0x080001ef   Thumb Code     0  startup_stm32f10x_hd.o(.text)
    TIM3_IRQHandler                          0x080001ef   Thumb Code     0  startup_stm32f10x_hd.o(.text)
    TIM4_IRQHandler                          0x080001ef   Thumb Code     0  startup_stm32f10x_hd.o(.text)
    TIM5_IRQHandler                          0x080001ef   Thumb Code     0  startup_stm32f10x_hd.o(.text)
    TIM6_IRQHandler                          0x080001ef   Thumb Code     0  startup_stm32f10x_hd.o(.text)
    TIM7_IRQHandler                          0x080001ef   Thumb Code     0  startup_stm32f10x_hd.o(.text)
    TIM8_BRK_IRQHandler                      0x080001ef   Thumb Code     0  startup_stm32f10x_hd.o(.text)
    TIM8_CC_IRQHandler                       0x080001ef   Thumb Code     0  startup_stm32f10x_hd.o(.text)
    TIM8_TRG_COM_IRQHandler                  0x080001ef   Thumb Code     0  startup_stm32f10x_hd.o(.text)
    TIM8_UP_IRQHandler                       0x080001ef   Thumb Code     0  startup_stm32f10x_hd.o(.text)
    UART4_IRQHandler                         0x080001ef   Thumb Code     0  startup_stm32f10x_hd.o(.text)
    UART5_IRQHandler                         0x080001ef   Thumb Code     0  startup_stm32f10x_hd.o(.text)
    USART2_IRQHandler                        0x080001ef   Thumb Code     0  startup_stm32f10x_hd.o(.text)
    USART3_IRQHandler                        0x080001ef   Thumb Code     0  startup_stm32f10x_hd.o(.text)
    USBWakeUp_IRQHandler                     0x080001ef   Thumb Code     0  startup_stm32f10x_hd.o(.text)
    USB_HP_CAN1_TX_IRQHandler                0x080001ef   Thumb Code     0  startup_stm32f10x_hd.o(.text)
    USB_LP_CAN1_RX0_IRQHandler               0x080001ef   Thumb Code     0  startup_stm32f10x_hd.o(.text)
    WWDG_IRQHandler                          0x080001ef   Thumb Code     0  startup_stm32f10x_hd.o(.text)
    __user_initial_stackheap                 0x080001f1   Thumb Code     0  startup_stm32f10x_hd.o(.text)
    __use_no_semihosting                     0x08000215   Thumb Code     2  use_no_semi_2.o(.text)
    __aeabi_uldivmod                         0x08000217   Thumb Code     0  lludivv7m.o(.text)
    _ll_udiv                                 0x08000217   Thumb Code   238  lludivv7m.o(.text)
    __2printf                                0x08000305   Thumb Code    20  noretval__2printf.o(.text)
    __printf                                 0x0800031d   Thumb Code   104  __printf.o(.text)
    _printf_int_hex                          0x08000385   Thumb Code    84  _printf_hex_int.o(.text)
    _printf_longlong_hex                     0x08000385   Thumb Code     0  _printf_hex_int.o(.text)
    __use_two_region_memory                  0x080003dd   Thumb Code     2  heapauxi.o(.text)
    __rt_heap_escrow$2region                 0x080003df   Thumb Code     2  heapauxi.o(.text)
    __rt_heap_expand$2region                 0x080003e1   Thumb Code     2  heapauxi.o(.text)
    __I$use$semihosting                      0x080003e3   Thumb Code     0  use_no_semi.o(.text)
    __use_no_semihosting_swi                 0x080003e3   Thumb Code     2  use_no_semi.o(.text)
    __read_errno                             0x080003e5   Thumb Code    10  _rserrno.o(.text)
    __set_errno                              0x080003ef   Thumb Code    12  _rserrno.o(.text)
    _printf_int_common                       0x080003fb   Thumb Code   178  _printf_intcommon.o(.text)
    _printf_char_file                        0x080004ad   Thumb Code    32  _printf_char_file.o(.text)
    __aeabi_errno_addr                       0x080004d1   Thumb Code     8  rt_errno_addr_intlibspace.o(.text)
    __errno$intlibspace                      0x080004d1   Thumb Code     0  rt_errno_addr_intlibspace.o(.text)
    __rt_errno_addr$intlibspace              0x080004d1   Thumb Code     0  rt_errno_addr_intlibspace.o(.text)
    _printf_char_common                      0x080004e3   Thumb Code    32  _printf_char_common.o(.text)
    ferror                                   0x08000509   Thumb Code     8  ferror.o(.text)
    __user_libspace                          0x08000511   Thumb Code     8  libspace.o(.text)
    __user_perproc_libspace                  0x08000511   Thumb Code     0  libspace.o(.text)
    __user_perthread_libspace                0x08000511   Thumb Code     0  libspace.o(.text)
    __user_setup_stackheap                   0x08000519   Thumb Code    74  sys_stackheap_outer.o(.text)
    exit                                     0x08000563   Thumb Code    18  exit.o(.text)
    AD9854IOReset                            0x08000575   Thumb Code    26  ad9854.o(i.AD9854IOReset)
    AD9854Init                               0x08000595   Thumb Code    24  ad9854.o(i.AD9854Init)
    AD9854PortInit                           0x080005b1   Thumb Code   260  ad9854.o(i.AD9854PortInit)
    AD9854Reset                              0x080006bd   Thumb Code    46  ad9854.o(i.AD9854Reset)
    AD9854SetAmp                             0x080006f1   Thumb Code    40  ad9854.o(i.AD9854SetAmp)
    AD9854WriteByte                          0x08000719   Thumb Code    76  ad9854.o(i.AD9854WriteByte)
    AD9854WriteCtR                           0x08000769   Thumb Code    68  ad9854.o(i.AD9854WriteCtR)
    AD9854WriteFreqSingle                    0x080007b5   Thumb Code   110  ad9854.o(i.AD9854WriteFreqSingle)
    ADC_Cmd                                  0x08000831   Thumb Code    22  stm32f10x_adc.o(i.ADC_Cmd)
    ADC_DeInit                               0x08000849   Thumb Code    78  stm32f10x_adc.o(i.ADC_DeInit)
    ADC_GetCalibrationStatus                 0x080008a5   Thumb Code    20  stm32f10x_adc.o(i.ADC_GetCalibrationStatus)
    ADC_GetConversionValue                   0x080008b9   Thumb Code     8  stm32f10x_adc.o(i.ADC_GetConversionValue)
    ADC_GetFlagStatus                        0x080008c1   Thumb Code    18  stm32f10x_adc.o(i.ADC_GetFlagStatus)
    ADC_GetResetCalibrationStatus            0x080008d3   Thumb Code    20  stm32f10x_adc.o(i.ADC_GetResetCalibrationStatus)
    ADC_Init                                 0x080008e9   Thumb Code    70  stm32f10x_adc.o(i.ADC_Init)
    ADC_RegularChannelConfig                 0x08000939   Thumb Code   184  stm32f10x_adc.o(i.ADC_RegularChannelConfig)
    ADC_ResetCalibration                     0x080009f1   Thumb Code    10  stm32f10x_adc.o(i.ADC_ResetCalibration)
    ADC_SoftwareStartConvCmd                 0x080009fb   Thumb Code    22  stm32f10x_adc.o(i.ADC_SoftwareStartConvCmd)
    ADC_StartCalibration                     0x08000a11   Thumb Code    10  stm32f10x_adc.o(i.ADC_StartCalibration)
    AMP_SETUP                                0x08000a1d   Thumb Code    90  ad9854.o(i.AMP_SETUP)
    Adc2_Init                                0x08000a81   Thumb Code   132  adc.o(i.Adc2_Init)
    Adc_Init                                 0x08000b0d   Thumb Code   132  adc.o(i.Adc_Init)
    BusFault_Handler                         0x08000b99   Thumb Code     4  stm32f10x_it.o(i.BusFault_Handler)
    CalculateFreqWord                        0x08000b9d   Thumb Code    96  ad9854.o(i.CalculateFreqWord)
    DebugMon_Handler                         0x08000c09   Thumb Code     2  stm32f10x_it.o(i.DebugMon_Handler)
    GPIO_Init                                0x08000c0b   Thumb Code   278  stm32f10x_gpio.o(i.GPIO_Init)
    GPIO_PinRemapConfig                      0x08000d21   Thumb Code   138  stm32f10x_gpio.o(i.GPIO_PinRemapConfig)
    GPIO_ReadInputDataBit                    0x08000db1   Thumb Code    18  stm32f10x_gpio.o(i.GPIO_ReadInputDataBit)
    GPIO_ResetBits                           0x08000dc3   Thumb Code     4  stm32f10x_gpio.o(i.GPIO_ResetBits)
    GPIO_SetBits                             0x08000dc7   Thumb Code     4  stm32f10x_gpio.o(i.GPIO_SetBits)
    Get_Adc                                  0x08000dcd   Thumb Code    46  adc.o(i.Get_Adc)
    Get_Adc2                                 0x08000e01   Thumb Code    46  adc.o(i.Get_Adc2)
    Get_Adc2_Average                         0x08000e35   Thumb Code    46  adc.o(i.Get_Adc2_Average)
    Get_Adc_Average                          0x08000e63   Thumb Code    46  adc.o(i.Get_Adc_Average)
    HardFault_Handler                        0x08000e91   Thumb Code     4  stm32f10x_it.o(i.HardFault_Handler)
    KEY_Init                                 0x08000e95   Thumb Code    82  key.o(i.KEY_Init)
    LCD_Clear                                0x08000ef5   Thumb Code   122  lcd.o(i.LCD_Clear)
    LCD_Display_Dir                          0x08000f7d   Thumb Code   444  lcd.o(i.LCD_Display_Dir)
    LCD_DrawLine                             0x0800113d   Thumb Code   176  lcd.o(i.LCD_DrawLine)
    LCD_DrawPoint                            0x080011ed   Thumb Code    52  lcd.o(i.LCD_DrawPoint)
    LCD_Fast_DrawPoint                       0x0800122d   Thumb Code   854  lcd.o(i.LCD_Fast_DrawPoint)
    LCD_Fill                                 0x08001591   Thumb Code   200  lcd.o(i.LCD_Fill)
    LCD_Init                                 0x08001665   Thumb Code 15292  lcd.o(i.LCD_Init)
    LCD_Pow                                  0x08005221   Thumb Code    22  lcd.o(i.LCD_Pow)
    LCD_RD_DATA                              0x08005239   Thumb Code    98  lcd.o(i.LCD_RD_DATA)
    LCD_ReadReg                              0x080052a9   Thumb Code    16  lcd.o(i.LCD_ReadReg)
    LCD_SSD_BackLightSet                     0x080052b9   Thumb Code   198  lcd.o(i.LCD_SSD_BackLightSet)
    LCD_Scan_Dir                             0x0800538d   Thumb Code  1112  lcd.o(i.LCD_Scan_Dir)
    LCD_SetCursor                            0x080057e5   Thumb Code   944  lcd.o(i.LCD_SetCursor)
    LCD_ShowChar                             0x08005ba1   Thumb Code   272  lcd.o(i.LCD_ShowChar)
    LCD_ShowFloat                            0x08005cc9   Thumb Code   584  lcd.o(i.LCD_ShowFloat)
    LCD_ShowNum                              0x08005f15   Thumb Code   148  lcd.o(i.LCD_ShowNum)
    LCD_ShowString                           0x08005fa9   Thumb Code   102  lcd.o(i.LCD_ShowString)
    LCD_WR_DATAX                             0x08006011   Thumb Code    28  lcd.o(i.LCD_WR_DATAX)
    LCD_WR_REG                               0x08006035   Thumb Code    28  lcd.o(i.LCD_WR_REG)
    LCD_WriteRAM_Prepare                     0x08006059   Thumb Code    12  lcd.o(i.LCD_WriteRAM_Prepare)
    LCD_WriteReg                             0x08006069   Thumb Code    40  lcd.o(i.LCD_WriteReg)
    MemManage_Handler                        0x08006099   Thumb Code     4  stm32f10x_it.o(i.MemManage_Handler)
    NMI_Handler                              0x0800609d   Thumb Code     2  stm32f10x_it.o(i.NMI_Handler)
    NVIC_Init                                0x080060a1   Thumb Code   100  misc.o(i.NVIC_Init)
    PendSV_Handler                           0x08006111   Thumb Code     2  stm32f10x_it.o(i.PendSV_Handler)
    RCC_ADCCLKConfig                         0x08006115   Thumb Code    18  stm32f10x_rcc.o(i.RCC_ADCCLKConfig)
    RCC_APB2PeriphClockCmd                   0x0800612d   Thumb Code    26  stm32f10x_rcc.o(i.RCC_APB2PeriphClockCmd)
    RCC_APB2PeriphResetCmd                   0x0800614d   Thumb Code    26  stm32f10x_rcc.o(i.RCC_APB2PeriphResetCmd)
    RCC_GetClocksFreq                        0x0800616d   Thumb Code   192  stm32f10x_rcc.o(i.RCC_GetClocksFreq)
    SVC_Handler                              0x08006241   Thumb Code     2  stm32f10x_it.o(i.SVC_Handler)
    SysTick_CLKSourceConfig                  0x0800632d   Thumb Code    40  misc.o(i.SysTick_CLKSourceConfig)
    SysTick_Handler                          0x08006355   Thumb Code     2  stm32f10x_it.o(i.SysTick_Handler)
    SystemInit                               0x08006359   Thumb Code    78  system_stm32f10x.o(i.SystemInit)
    USART1_IRQHandler                        0x080063b9   Thumb Code   122  usart.o(i.USART1_IRQHandler)
    USART_Cmd                                0x08006441   Thumb Code    24  stm32f10x_usart.o(i.USART_Cmd)
    USART_GetITStatus                        0x08006459   Thumb Code    84  stm32f10x_usart.o(i.USART_GetITStatus)
    USART_ITConfig                           0x080064ad   Thumb Code    74  stm32f10x_usart.o(i.USART_ITConfig)
    USART_Init                               0x080064f9   Thumb Code   210  stm32f10x_usart.o(i.USART_Init)
    USART_ReceiveData                        0x080065d1   Thumb Code    10  stm32f10x_usart.o(i.USART_ReceiveData)
    Update_AD9854                            0x080065dd   Thumb Code    26  ad9854.o(i.Update_AD9854)
    UsageFault_Handler                       0x080065fd   Thumb Code     4  stm32f10x_it.o(i.UsageFault_Handler)
    __ARM_fpclassify                         0x08006601   Thumb Code    40  fpclassify.o(i.__ARM_fpclassify)
    __kernel_poly                            0x08006629   Thumb Code   170  poly.o(i.__kernel_poly)
    __mathlib_dbl_divzero                    0x080066d5   Thumb Code    12  dunder.o(i.__mathlib_dbl_divzero)
    __mathlib_dbl_infnan                     0x080066e5   Thumb Code     6  dunder.o(i.__mathlib_dbl_infnan)
    __mathlib_dbl_invalid                    0x080066eb   Thumb Code    12  dunder.o(i.__mathlib_dbl_invalid)
    __mathlib_dbl_underflow                  0x080066f9   Thumb Code    10  dunder.o(i.__mathlib_dbl_underflow)
    _sys_exit                                0x08006709   Thumb Code     6  usart.o(i._sys_exit)
    atan                                     0x08006711   Thumb Code   474  atan.o(i.atan)
    delay_init                               0x08006931   Thumb Code    50  delay.o(i.delay_init)
    delay_ms                                 0x08006975   Thumb Code    72  delay.o(i.delay_ms)
    delay_us                                 0x080069c1   Thumb Code    72  delay.o(i.delay_us)
    fputc                                    0x08006a0d   Thumb Code    24  usart.o(i.fputc)
    log                                      0x08006a29   Thumb Code   808  log.o(i.log)
    log10                                    0x08006d85   Thumb Code   198  log10.o(i.log10)
    main                                     0x08006e69   Thumb Code  3550  main.o(i.main)
    sqrt                                     0x08007c51   Thumb Code    76  sqrt.o(i.sqrt)
    uart_init                                0x08007c9d   Thumb Code   152  usart.o(i.uart_init)
    __aeabi_dadd                             0x08007d3d   Thumb Code     0  daddsub_clz.o(x$fpl$dadd)
    _dadd                                    0x08007d3d   Thumb Code   332  daddsub_clz.o(x$fpl$dadd)
    __fpl_dcheck_NaN1                        0x08007e8d   Thumb Code    10  dcheck1.o(x$fpl$dcheck1)
    __fpl_dcmp_Inf                           0x08007e9d   Thumb Code    24  dcmpi.o(x$fpl$dcmpinf)
    __aeabi_ddiv                             0x08007eb5   Thumb Code     0  ddiv.o(x$fpl$ddiv)
    _ddiv                                    0x08007eb5   Thumb Code   552  ddiv.o(x$fpl$ddiv)
    __aeabi_cdcmpeq                          0x08008165   Thumb Code     0  deqf.o(x$fpl$deqf)
    _dcmpeq                                  0x08008165   Thumb Code   120  deqf.o(x$fpl$deqf)
    __aeabi_d2iz                             0x080081dd   Thumb Code     0  dfix.o(x$fpl$dfix)
    _dfix                                    0x080081dd   Thumb Code    94  dfix.o(x$fpl$dfix)
    __aeabi_d2uiz                            0x0800823d   Thumb Code     0  dfixu.o(x$fpl$dfixu)
    _dfixu                                   0x0800823d   Thumb Code    90  dfixu.o(x$fpl$dfixu)
    __aeabi_i2d                              0x08008297   Thumb Code     0  dflt_clz.o(x$fpl$dflt)
    _dflt                                    0x08008297   Thumb Code    46  dflt_clz.o(x$fpl$dflt)
    __aeabi_ui2d                             0x080082c5   Thumb Code     0  dflt_clz.o(x$fpl$dfltu)
    _dfltu                                   0x080082c5   Thumb Code    38  dflt_clz.o(x$fpl$dfltu)
    __aeabi_ul2d                             0x080082ed   Thumb Code     0  dfltll_clz.o(x$fpl$dfltull)
    _ll_uto_d                                0x080082ed   Thumb Code   138  dfltll_clz.o(x$fpl$dfltull)
    __aeabi_cdcmple                          0x08008379   Thumb Code     0  dleqf.o(x$fpl$dleqf)
    _dcmple                                  0x08008379   Thumb Code   120  dleqf.o(x$fpl$dleqf)
    __fpl_dcmple_InfNaN                      0x080083db   Thumb Code     0  dleqf.o(x$fpl$dleqf)
    __aeabi_dmul                             0x080083f1   Thumb Code     0  dmul.o(x$fpl$dmul)
    _dmul                                    0x080083f1   Thumb Code   332  dmul.o(x$fpl$dmul)
    __fpl_dnaninf                            0x08008545   Thumb Code   156  dnaninf.o(x$fpl$dnaninf)
    __fpl_dretinf                            0x080085e1   Thumb Code    12  dretinf.o(x$fpl$dretinf)
    __aeabi_cdrcmple                         0x080085ed   Thumb Code     0  drleqf.o(x$fpl$drleqf)
    _drcmple                                 0x080085ed   Thumb Code   108  drleqf.o(x$fpl$drleqf)
    __aeabi_drsub                            0x08008659   Thumb Code     0  daddsub_clz.o(x$fpl$drsb)
    _drsb                                    0x08008659   Thumb Code    22  daddsub_clz.o(x$fpl$drsb)
    _dsqrt                                   0x08008671   Thumb Code   456  dsqrt_noumaal.o(x$fpl$dsqrt)
    __aeabi_dsub                             0x0800883d   Thumb Code     0  daddsub_clz.o(x$fpl$dsub)
    _dsub                                    0x0800883d   Thumb Code   464  daddsub_clz.o(x$fpl$dsub)
    __aeabi_f2d                              0x08008a11   Thumb Code     0  f2d.o(x$fpl$f2d)
    _f2d                                     0x08008a11   Thumb Code    86  f2d.o(x$fpl$f2d)
    __fpl_fnaninf                            0x08008a67   Thumb Code   140  fnaninf.o(x$fpl$fnaninf)
    __aeabi_d2ulz                            0x08008af5   Thumb Code     0  dfixull.o(x$fpl$llufromd)
    _ll_ufrom_d                              0x08008af5   Thumb Code   120  dfixull.o(x$fpl$llufromd)
    __fpl_return_NaN                         0x08008b6d   Thumb Code   100  retnan.o(x$fpl$retnan)
    __ARM_scalbn                             0x08008bd1   Thumb Code    92  scalbn.o(x$fpl$scalbn)
    __fpl_cmpreturn                          0x08008c2d   Thumb Code    48  trapv.o(x$fpl$trapveneer)
    __I$use$fp                               0x08008c5c   Number         0  usenofp.o(x$fpl$usenofp)
    asc2_1206                                0x08008c5c   Data        1140  lcd.o(.constdata)
    asc2_1608                                0x080090d0   Data        1520  lcd.o(.constdata)
    asc2_2412                                0x080096c0   Data        3420  lcd.o(.constdata)
    __mathlib_zero                           0x0800a518   Data           8  qnan.o(.constdata)
    Region$$Table$$Base                      0x0800a520   Number         0  anon$$obj.o(Region$$Table)
    Region$$Table$$Limit                     0x0800a540   Number         0  anon$$obj.o(Region$$Table)
    draw                                     0x2000004c   Data           4  main.o(.data)
    first                                    0x20000050   Data           4  main.o(.data)
    clearend                                 0x20000054   Data           4  main.o(.data)
    maxMHz                                   0x20000058   Data           4  main.o(.data)
    maxdB                                    0x20000060   Data           8  main.o(.data)
    scaledB                                  0x20000068   Data           8  main.o(.data)
    startflag                                0x20000070   Data           4  main.o(.data)
    start                                    0x20000074   Data           4  main.o(.data)
    end                                      0x20000078   Data           4  main.o(.data)
    Z1                                       0x2000007c   Data           4  main.o(.data)
    Z2                                       0x20000080   Data           4  main.o(.data)
    SystemCoreClock                          0x20000084   Data           4  system_stm32f10x.o(.data)
    AHBPrescTable                            0x20000088   Data          16  system_stm32f10x.o(.data)
    FreqSingle                               0x200000f7   Data           6  ad9854.o(.data)
    __stdout                                 0x20000104   Data           4  usart.o(.data)
    USART_RX_STA                             0x20000108   Data           2  usart.o(.data)
    POINT_COLOR                              0x2000010a   Data           2  lcd.o(.data)
    BACK_COLOR                               0x2000010c   Data           2  lcd.o(.data)
    USART_RX_BUF                             0x20000110   Data         200  usart.o(.bss)
    lcddev                                   0x200001d8   Data          14  lcd.o(.bss)
    __libspace_start                         0x200001e8   Data          96  libspace.o(.bss)
    __temporary_stack_top$libspace           0x20000248   Data           0  libspace.o(.bss)



==============================================================================

Memory Map of the image

  Image Entry point : 0x08000131

  Load Region LR_IROM1 (Base: 0x08000000, Size: 0x0000a650, Max: 0x00040000, ABSOLUTE)

    Execution Region ER_IROM1 (Exec base: 0x08000000, Load base: 0x08000000, Size: 0x0000a540, Max: 0x00040000, ABSOLUTE)

    Exec Addr    Load Addr    Size         Type   Attr      Idx    E Section Name        Object

    0x08000000   0x08000000   0x00000130   Data   RO           19    RESET               startup_stm32f10x_hd.o
    0x08000130   0x08000130   0x00000008   Code   RO         3882  * !!!main             c_w.l(__main.o)
    0x08000138   0x08000138   0x00000034   Code   RO         4183    !!!scatter          c_w.l(__scatter.o)
    0x0800016c   0x0800016c   0x0000001a   Code   RO         4185    !!handler_copy      c_w.l(__scatter_copy.o)
    0x08000186   0x08000186   0x00000002   PAD
    0x08000188   0x08000188   0x0000001c   Code   RO         4187    !!handler_zi        c_w.l(__scatter_zi.o)
    0x080001a4   0x080001a4   0x00000000   Code   RO         3879    .ARM.Collect$$_printf_percent$$00000000  c_w.l(_printf_percent.o)
    0x080001a4   0x080001a4   0x00000006   Code   RO         3878    .ARM.Collect$$_printf_percent$$0000000C  c_w.l(_printf_x.o)
    0x080001aa   0x080001aa   0x00000004   Code   RO         3963    .ARM.Collect$$_printf_percent$$00000017  c_w.l(_printf_percent_end.o)
    0x080001ae   0x080001ae   0x00000002   Code   RO         4056    .ARM.Collect$$libinit$$00000000  c_w.l(libinit.o)
    0x080001b0   0x080001b0   0x00000000   Code   RO         4068    .ARM.Collect$$libinit$$00000002  c_w.l(libinit2.o)
    0x080001b0   0x080001b0   0x00000000   Code   RO         4070    .ARM.Collect$$libinit$$00000004  c_w.l(libinit2.o)
    0x080001b0   0x080001b0   0x00000000   Code   RO         4073    .ARM.Collect$$libinit$$0000000A  c_w.l(libinit2.o)
    0x080001b0   0x080001b0   0x00000000   Code   RO         4075    .ARM.Collect$$libinit$$0000000C  c_w.l(libinit2.o)
    0x080001b0   0x080001b0   0x00000000   Code   RO         4077    .ARM.Collect$$libinit$$0000000E  c_w.l(libinit2.o)
    0x080001b0   0x080001b0   0x00000000   Code   RO         4080    .ARM.Collect$$libinit$$00000011  c_w.l(libinit2.o)
    0x080001b0   0x080001b0   0x00000000   Code   RO         4082    .ARM.Collect$$libinit$$00000013  c_w.l(libinit2.o)
    0x080001b0   0x080001b0   0x00000000   Code   RO         4084    .ARM.Collect$$libinit$$00000015  c_w.l(libinit2.o)
    0x080001b0   0x080001b0   0x00000000   Code   RO         4086    .ARM.Collect$$libinit$$00000017  c_w.l(libinit2.o)
    0x080001b0   0x080001b0   0x00000000   Code   RO         4088    .ARM.Collect$$libinit$$00000019  c_w.l(libinit2.o)
    0x080001b0   0x080001b0   0x00000000   Code   RO         4090    .ARM.Collect$$libinit$$0000001B  c_w.l(libinit2.o)
    0x080001b0   0x080001b0   0x00000000   Code   RO         4092    .ARM.Collect$$libinit$$0000001D  c_w.l(libinit2.o)
    0x080001b0   0x080001b0   0x00000000   Code   RO         4094    .ARM.Collect$$libinit$$0000001F  c_w.l(libinit2.o)
    0x080001b0   0x080001b0   0x00000000   Code   RO         4096    .ARM.Collect$$libinit$$00000021  c_w.l(libinit2.o)
    0x080001b0   0x080001b0   0x00000000   Code   RO         4098    .ARM.Collect$$libinit$$00000023  c_w.l(libinit2.o)
    0x080001b0   0x080001b0   0x00000000   Code   RO         4100    .ARM.Collect$$libinit$$00000025  c_w.l(libinit2.o)
    0x080001b0   0x080001b0   0x00000000   Code   RO         4104    .ARM.Collect$$libinit$$0000002C  c_w.l(libinit2.o)
    0x080001b0   0x080001b0   0x00000000   Code   RO         4106    .ARM.Collect$$libinit$$0000002E  c_w.l(libinit2.o)
    0x080001b0   0x080001b0   0x00000000   Code   RO         4108    .ARM.Collect$$libinit$$00000030  c_w.l(libinit2.o)
    0x080001b0   0x080001b0   0x00000000   Code   RO         4110    .ARM.Collect$$libinit$$00000032  c_w.l(libinit2.o)
    0x080001b0   0x080001b0   0x00000002   Code   RO         4111    .ARM.Collect$$libinit$$00000033  c_w.l(libinit2.o)
    0x080001b2   0x080001b2   0x00000002   Code   RO         4139    .ARM.Collect$$libshutdown$$00000000  c_w.l(libshutdown.o)
    0x080001b4   0x080001b4   0x00000000   Code   RO         4166    .ARM.Collect$$libshutdown$$00000002  c_w.l(libshutdown2.o)
    0x080001b4   0x080001b4   0x00000000   Code   RO         4168    .ARM.Collect$$libshutdown$$00000004  c_w.l(libshutdown2.o)
    0x080001b4   0x080001b4   0x00000000   Code   RO         4171    .ARM.Collect$$libshutdown$$00000007  c_w.l(libshutdown2.o)
    0x080001b4   0x080001b4   0x00000000   Code   RO         4174    .ARM.Collect$$libshutdown$$0000000A  c_w.l(libshutdown2.o)
    0x080001b4   0x080001b4   0x00000000   Code   RO         4176    .ARM.Collect$$libshutdown$$0000000C  c_w.l(libshutdown2.o)
    0x080001b4   0x080001b4   0x00000000   Code   RO         4179    .ARM.Collect$$libshutdown$$0000000F  c_w.l(libshutdown2.o)
    0x080001b4   0x080001b4   0x00000002   Code   RO         4180    .ARM.Collect$$libshutdown$$00000010  c_w.l(libshutdown2.o)
    0x080001b6   0x080001b6   0x00000000   Code   RO         3952    .ARM.Collect$$rtentry$$00000000  c_w.l(__rtentry.o)
    0x080001b6   0x080001b6   0x00000000   Code   RO         4006    .ARM.Collect$$rtentry$$00000002  c_w.l(__rtentry2.o)
    0x080001b6   0x080001b6   0x00000006   Code   RO         4018    .ARM.Collect$$rtentry$$00000004  c_w.l(__rtentry4.o)
    0x080001bc   0x080001bc   0x00000000   Code   RO         4008    .ARM.Collect$$rtentry$$00000009  c_w.l(__rtentry2.o)
    0x080001bc   0x080001bc   0x00000004   Code   RO         4009    .ARM.Collect$$rtentry$$0000000A  c_w.l(__rtentry2.o)
    0x080001c0   0x080001c0   0x00000000   Code   RO         4011    .ARM.Collect$$rtentry$$0000000C  c_w.l(__rtentry2.o)
    0x080001c0   0x080001c0   0x00000008   Code   RO         4012    .ARM.Collect$$rtentry$$0000000D  c_w.l(__rtentry2.o)
    0x080001c8   0x080001c8   0x00000002   Code   RO         4059    .ARM.Collect$$rtexit$$00000000  c_w.l(rtexit.o)
    0x080001ca   0x080001ca   0x00000000   Code   RO         4115    .ARM.Collect$$rtexit$$00000002  c_w.l(rtexit2.o)
    0x080001ca   0x080001ca   0x00000004   Code   RO         4116    .ARM.Collect$$rtexit$$00000003  c_w.l(rtexit2.o)
    0x080001ce   0x080001ce   0x00000006   Code   RO         4117    .ARM.Collect$$rtexit$$00000004  c_w.l(rtexit2.o)
    0x080001d4   0x080001d4   0x00000040   Code   RO           20    .text               startup_stm32f10x_hd.o
    0x08000214   0x08000214   0x00000002   Code   RO         3827    .text               c_w.l(use_no_semi_2.o)
    0x08000216   0x08000216   0x000000ee   Code   RO         3829    .text               c_w.l(lludivv7m.o)
    0x08000304   0x08000304   0x00000018   Code   RO         3833    .text               c_w.l(noretval__2printf.o)
    0x0800031c   0x0800031c   0x00000068   Code   RO         3835    .text               c_w.l(__printf.o)
    0x08000384   0x08000384   0x00000058   Code   RO         3840    .text               c_w.l(_printf_hex_int.o)
    0x080003dc   0x080003dc   0x00000006   Code   RO         3880    .text               c_w.l(heapauxi.o)
    0x080003e2   0x080003e2   0x00000002   Code   RO         3950    .text               c_w.l(use_no_semi.o)
    0x080003e4   0x080003e4   0x00000016   Code   RO         3957    .text               c_w.l(_rserrno.o)
    0x080003fa   0x080003fa   0x000000b2   Code   RO         3959    .text               c_w.l(_printf_intcommon.o)
    0x080004ac   0x080004ac   0x00000024   Code   RO         3961    .text               c_w.l(_printf_char_file.o)
    0x080004d0   0x080004d0   0x00000008   Code   RO         4025    .text               c_w.l(rt_errno_addr_intlibspace.o)
    0x080004d8   0x080004d8   0x00000030   Code   RO         4027    .text               c_w.l(_printf_char_common.o)
    0x08000508   0x08000508   0x00000008   Code   RO         4029    .text               c_w.l(ferror.o)
    0x08000510   0x08000510   0x00000008   Code   RO         4038    .text               c_w.l(libspace.o)
    0x08000518   0x08000518   0x0000004a   Code   RO         4041    .text               c_w.l(sys_stackheap_outer.o)
    0x08000562   0x08000562   0x00000012   Code   RO         4045    .text               c_w.l(exit.o)
    0x08000574   0x08000574   0x00000020   Code   RO         3249    i.AD9854IOReset     ad9854.o
    0x08000594   0x08000594   0x0000001c   Code   RO         3250    i.AD9854Init        ad9854.o
    0x080005b0   0x080005b0   0x0000010c   Code   RO         3251    i.AD9854PortInit    ad9854.o
    0x080006bc   0x080006bc   0x00000034   Code   RO         3256    i.AD9854Reset       ad9854.o
    0x080006f0   0x080006f0   0x00000028   Code   RO         3257    i.AD9854SetAmp      ad9854.o
    0x08000718   0x08000718   0x00000050   Code   RO         3258    i.AD9854WriteByte   ad9854.o
    0x08000768   0x08000768   0x0000004c   Code   RO         3259    i.AD9854WriteCtR    ad9854.o
    0x080007b4   0x080007b4   0x0000007c   Code   RO         3261    i.AD9854WriteFreqSingle  ad9854.o
    0x08000830   0x08000830   0x00000016   Code   RO          324    i.ADC_Cmd           stm32f10x_adc.o
    0x08000846   0x08000846   0x00000002   PAD
    0x08000848   0x08000848   0x0000005c   Code   RO          326    i.ADC_DeInit        stm32f10x_adc.o
    0x080008a4   0x080008a4   0x00000014   Code   RO          332    i.ADC_GetCalibrationStatus  stm32f10x_adc.o
    0x080008b8   0x080008b8   0x00000008   Code   RO          333    i.ADC_GetConversionValue  stm32f10x_adc.o
    0x080008c0   0x080008c0   0x00000012   Code   RO          335    i.ADC_GetFlagStatus  stm32f10x_adc.o
    0x080008d2   0x080008d2   0x00000014   Code   RO          338    i.ADC_GetResetCalibrationStatus  stm32f10x_adc.o
    0x080008e6   0x080008e6   0x00000002   PAD
    0x080008e8   0x080008e8   0x00000050   Code   RO          342    i.ADC_Init          stm32f10x_adc.o
    0x08000938   0x08000938   0x000000b8   Code   RO          346    i.ADC_RegularChannelConfig  stm32f10x_adc.o
    0x080009f0   0x080009f0   0x0000000a   Code   RO          347    i.ADC_ResetCalibration  stm32f10x_adc.o
    0x080009fa   0x080009fa   0x00000016   Code   RO          349    i.ADC_SoftwareStartConvCmd  stm32f10x_adc.o
    0x08000a10   0x08000a10   0x0000000a   Code   RO          351    i.ADC_StartCalibration  stm32f10x_adc.o
    0x08000a1a   0x08000a1a   0x00000002   PAD
    0x08000a1c   0x08000a1c   0x00000064   Code   RO         3267    i.AMP_SETUP         ad9854.o
    0x08000a80   0x08000a80   0x0000008c   Code   RO         3538    i.Adc2_Init         adc.o
    0x08000b0c   0x08000b0c   0x0000008c   Code   RO         3539    i.Adc_Init          adc.o
    0x08000b98   0x08000b98   0x00000004   Code   RO          159    i.BusFault_Handler  stm32f10x_it.o
    0x08000b9c   0x08000b9c   0x0000006c   Code   RO         3269    i.CalculateFreqWord  ad9854.o
    0x08000c08   0x08000c08   0x00000002   Code   RO          160    i.DebugMon_Handler  stm32f10x_it.o
    0x08000c0a   0x08000c0a   0x00000116   Code   RO         1433    i.GPIO_Init         stm32f10x_gpio.o
    0x08000d20   0x08000d20   0x00000090   Code   RO         1435    i.GPIO_PinRemapConfig  stm32f10x_gpio.o
    0x08000db0   0x08000db0   0x00000012   Code   RO         1437    i.GPIO_ReadInputDataBit  stm32f10x_gpio.o
    0x08000dc2   0x08000dc2   0x00000004   Code   RO         1440    i.GPIO_ResetBits    stm32f10x_gpio.o
    0x08000dc6   0x08000dc6   0x00000004   Code   RO         1441    i.GPIO_SetBits      stm32f10x_gpio.o
    0x08000dca   0x08000dca   0x00000002   PAD
    0x08000dcc   0x08000dcc   0x00000034   Code   RO         3540    i.Get_Adc           adc.o
    0x08000e00   0x08000e00   0x00000034   Code   RO         3541    i.Get_Adc2          adc.o
    0x08000e34   0x08000e34   0x0000002e   Code   RO         3542    i.Get_Adc2_Average  adc.o
    0x08000e62   0x08000e62   0x0000002e   Code   RO         3543    i.Get_Adc_Average   adc.o
    0x08000e90   0x08000e90   0x00000004   Code   RO          161    i.HardFault_Handler  stm32f10x_it.o
    0x08000e94   0x08000e94   0x00000060   Code   RO         3504    i.KEY_Init          key.o
    0x08000ef4   0x08000ef4   0x00000088   Code   RO         3611    i.LCD_Clear         lcd.o
    0x08000f7c   0x08000f7c   0x000001c0   Code   RO         3615    i.LCD_Display_Dir   lcd.o
    0x0800113c   0x0800113c   0x000000b0   Code   RO         3616    i.LCD_DrawLine      lcd.o
    0x080011ec   0x080011ec   0x00000040   Code   RO         3617    i.LCD_DrawPoint     lcd.o
    0x0800122c   0x0800122c   0x00000364   Code   RO         3620    i.LCD_Fast_DrawPoint  lcd.o
    0x08001590   0x08001590   0x000000d4   Code   RO         3621    i.LCD_Fill          lcd.o
    0x08001664   0x08001664   0x00003bbc   Code   RO         3622    i.LCD_Init          lcd.o
    0x08005220   0x08005220   0x00000016   Code   RO         3623    i.LCD_Pow           lcd.o
    0x08005236   0x08005236   0x00000002   PAD
    0x08005238   0x08005238   0x00000070   Code   RO         3624    i.LCD_RD_DATA       lcd.o
    0x080052a8   0x080052a8   0x00000010   Code   RO         3626    i.LCD_ReadReg       lcd.o
    0x080052b8   0x080052b8   0x000000d4   Code   RO         3627    i.LCD_SSD_BackLightSet  lcd.o
    0x0800538c   0x0800538c   0x00000458   Code   RO         3628    i.LCD_Scan_Dir      lcd.o
    0x080057e4   0x080057e4   0x000003bc   Code   RO         3629    i.LCD_SetCursor     lcd.o
    0x08005ba0   0x08005ba0   0x00000128   Code   RO         3631    i.LCD_ShowChar      lcd.o
    0x08005cc8   0x08005cc8   0x0000024c   Code   RO         3632    i.LCD_ShowFloat     lcd.o
    0x08005f14   0x08005f14   0x00000094   Code   RO         3633    i.LCD_ShowNum       lcd.o
    0x08005fa8   0x08005fa8   0x00000066   Code   RO         3634    i.LCD_ShowString    lcd.o
    0x0800600e   0x0800600e   0x00000002   PAD
    0x08006010   0x08006010   0x00000024   Code   RO         3637    i.LCD_WR_DATAX      lcd.o
    0x08006034   0x08006034   0x00000024   Code   RO         3638    i.LCD_WR_REG        lcd.o
    0x08006058   0x08006058   0x00000010   Code   RO         3640    i.LCD_WriteRAM_Prepare  lcd.o
    0x08006068   0x08006068   0x00000030   Code   RO         3641    i.LCD_WriteReg      lcd.o
    0x08006098   0x08006098   0x00000004   Code   RO          162    i.MemManage_Handler  stm32f10x_it.o
    0x0800609c   0x0800609c   0x00000002   Code   RO          163    i.NMI_Handler       stm32f10x_it.o
    0x0800609e   0x0800609e   0x00000002   PAD
    0x080060a0   0x080060a0   0x00000070   Code   RO          282    i.NVIC_Init         misc.o
    0x08006110   0x08006110   0x00000002   Code   RO          164    i.PendSV_Handler    stm32f10x_it.o
    0x08006112   0x08006112   0x00000002   PAD
    0x08006114   0x08006114   0x00000018   Code   RO         1847    i.RCC_ADCCLKConfig  stm32f10x_rcc.o
    0x0800612c   0x0800612c   0x00000020   Code   RO         1851    i.RCC_APB2PeriphClockCmd  stm32f10x_rcc.o
    0x0800614c   0x0800614c   0x00000020   Code   RO         1852    i.RCC_APB2PeriphResetCmd  stm32f10x_rcc.o
    0x0800616c   0x0800616c   0x000000d4   Code   RO         1859    i.RCC_GetClocksFreq  stm32f10x_rcc.o
    0x08006240   0x08006240   0x00000002   Code   RO          165    i.SVC_Handler       stm32f10x_it.o
    0x08006242   0x08006242   0x00000008   Code   RO          248    i.SetSysClock       system_stm32f10x.o
    0x0800624a   0x0800624a   0x00000002   PAD
    0x0800624c   0x0800624c   0x000000e0   Code   RO          249    i.SetSysClockTo72   system_stm32f10x.o
    0x0800632c   0x0800632c   0x00000028   Code   RO          286    i.SysTick_CLKSourceConfig  misc.o
    0x08006354   0x08006354   0x00000002   Code   RO          166    i.SysTick_Handler   stm32f10x_it.o
    0x08006356   0x08006356   0x00000002   PAD
    0x08006358   0x08006358   0x00000060   Code   RO          251    i.SystemInit        system_stm32f10x.o
    0x080063b8   0x080063b8   0x00000088   Code   RO         3463    i.USART1_IRQHandler  usart.o
    0x08006440   0x08006440   0x00000018   Code   RO         3019    i.USART_Cmd         stm32f10x_usart.o
    0x08006458   0x08006458   0x00000054   Code   RO         3023    i.USART_GetITStatus  stm32f10x_usart.o
    0x080064ac   0x080064ac   0x0000004a   Code   RO         3025    i.USART_ITConfig    stm32f10x_usart.o
    0x080064f6   0x080064f6   0x00000002   PAD
    0x080064f8   0x080064f8   0x000000d8   Code   RO         3026    i.USART_Init        stm32f10x_usart.o
    0x080065d0   0x080065d0   0x0000000a   Code   RO         3033    i.USART_ReceiveData  stm32f10x_usart.o
    0x080065da   0x080065da   0x00000002   PAD
    0x080065dc   0x080065dc   0x00000020   Code   RO         3273    i.Update_AD9854     ad9854.o
    0x080065fc   0x080065fc   0x00000004   Code   RO          167    i.UsageFault_Handler  stm32f10x_it.o
    0x08006600   0x08006600   0x00000028   Code   RO         3991    i.__ARM_fpclassify  m_ws.l(fpclassify.o)
    0x08006628   0x08006628   0x000000aa   Code   RO         4003    i.__kernel_poly     m_ws.l(poly.o)
    0x080066d2   0x080066d2   0x00000002   PAD
    0x080066d4   0x080066d4   0x00000010   Code   RO         3977    i.__mathlib_dbl_divzero  m_ws.l(dunder.o)
    0x080066e4   0x080066e4   0x00000006   Code   RO         3978    i.__mathlib_dbl_infnan  m_ws.l(dunder.o)
    0x080066ea   0x080066ea   0x0000000c   Code   RO         3980    i.__mathlib_dbl_invalid  m_ws.l(dunder.o)
    0x080066f6   0x080066f6   0x00000002   PAD
    0x080066f8   0x080066f8   0x00000010   Code   RO         3983    i.__mathlib_dbl_underflow  m_ws.l(dunder.o)
    0x08006708   0x08006708   0x00000006   Code   RO         3464    i._sys_exit         usart.o
    0x0800670e   0x0800670e   0x00000002   PAD
    0x08006710   0x08006710   0x00000220   Code   RO         3925    i.atan              m_ws.l(atan.o)
    0x08006930   0x08006930   0x00000044   Code   RO         3409    i.delay_init        delay.o
    0x08006974   0x08006974   0x0000004c   Code   RO         3410    i.delay_ms          delay.o
    0x080069c0   0x080069c0   0x0000004c   Code   RO         3411    i.delay_us          delay.o
    0x08006a0c   0x08006a0c   0x0000001c   Code   RO         3465    i.fputc             usart.o
    0x08006a28   0x08006a28   0x0000035c   Code   RO         3994    i.log               m_ws.l(log.o)
    0x08006d84   0x08006d84   0x000000e4   Code   RO         3935    i.log10             m_ws.l(log10.o)
    0x08006e68   0x08006e68   0x00000de8   Code   RO           24    i.main              main.o
    0x08007c50   0x08007c50   0x0000004c   Code   RO         3943    i.sqrt              m_ws.l(sqrt.o)
    0x08007c9c   0x08007c9c   0x000000a0   Code   RO         3466    i.uart_init         usart.o
    0x08007d3c   0x08007d3c   0x00000150   Code   RO         3884    x$fpl$dadd          fz_ws.l(daddsub_clz.o)
    0x08007e8c   0x08007e8c   0x00000010   Code   RO         4033    x$fpl$dcheck1       fz_ws.l(dcheck1.o)
    0x08007e9c   0x08007e9c   0x00000018   Code   RO         3964    x$fpl$dcmpinf       fz_ws.l(dcmpi.o)
    0x08007eb4   0x08007eb4   0x000002b0   Code   RO         3891    x$fpl$ddiv          fz_ws.l(ddiv.o)
    0x08008164   0x08008164   0x00000078   Code   RO         4035    x$fpl$deqf          fz_ws.l(deqf.o)
    0x080081dc   0x080081dc   0x0000005e   Code   RO         3894    x$fpl$dfix          fz_ws.l(dfix.o)
    0x0800823a   0x0800823a   0x00000002   PAD
    0x0800823c   0x0800823c   0x0000005a   Code   RO         3898    x$fpl$dfixu         fz_ws.l(dfixu.o)
    0x08008296   0x08008296   0x0000002e   Code   RO         3907    x$fpl$dflt          fz_ws.l(dflt_clz.o)
    0x080082c4   0x080082c4   0x00000026   Code   RO         3906    x$fpl$dfltu         fz_ws.l(dflt_clz.o)
    0x080082ea   0x080082ea   0x00000002   PAD
    0x080082ec   0x080082ec   0x0000008a   Code   RO         3913    x$fpl$dfltull       fz_ws.l(dfltll_clz.o)
    0x08008376   0x08008376   0x00000002   PAD
    0x08008378   0x08008378   0x00000078   Code   RO         3916    x$fpl$dleqf         fz_ws.l(dleqf.o)
    0x080083f0   0x080083f0   0x00000154   Code   RO         3918    x$fpl$dmul          fz_ws.l(dmul.o)
    0x08008544   0x08008544   0x0000009c   Code   RO         3966    x$fpl$dnaninf       fz_ws.l(dnaninf.o)
    0x080085e0   0x080085e0   0x0000000c   Code   RO         3968    x$fpl$dretinf       fz_ws.l(dretinf.o)
    0x080085ec   0x080085ec   0x0000006c   Code   RO         3920    x$fpl$drleqf        fz_ws.l(drleqf.o)
    0x08008658   0x08008658   0x00000016   Code   RO         3885    x$fpl$drsb          fz_ws.l(daddsub_clz.o)
    0x0800866e   0x0800866e   0x00000002   PAD
    0x08008670   0x08008670   0x000001cc   Code   RO         3970    x$fpl$dsqrt         fz_ws.l(dsqrt_noumaal.o)
    0x0800883c   0x0800883c   0x000001d4   Code   RO         3886    x$fpl$dsub          fz_ws.l(daddsub_clz.o)
    0x08008a10   0x08008a10   0x00000056   Code   RO         3922    x$fpl$f2d           fz_ws.l(f2d.o)
    0x08008a66   0x08008a66   0x0000008c   Code   RO         3972    x$fpl$fnaninf       fz_ws.l(fnaninf.o)
    0x08008af2   0x08008af2   0x00000002   PAD
    0x08008af4   0x08008af4   0x00000078   Code   RO         3902    x$fpl$llufromd      fz_ws.l(dfixull.o)
    0x08008b6c   0x08008b6c   0x00000064   Code   RO         4057    x$fpl$retnan        fz_ws.l(retnan.o)
    0x08008bd0   0x08008bd0   0x0000005c   Code   RO         3974    x$fpl$scalbn        fz_ws.l(scalbn.o)
    0x08008c2c   0x08008c2c   0x00000030   Code   RO         4112    x$fpl$trapveneer    fz_ws.l(trapv.o)
    0x08008c5c   0x08008c5c   0x00000000   Code   RO         3976    x$fpl$usenofp       fz_ws.l(usenofp.o)
    0x08008c5c   0x08008c5c   0x000017c0   Data   RO         3644    .constdata          lcd.o
    0x0800a41c   0x0800a41c   0x00000028   Data   RO         3841    .constdata          c_w.l(_printf_hex_int.o)
    0x0800a444   0x0800a444   0x00000004   PAD
    0x0800a448   0x0800a448   0x00000098   Data   RO         3926    .constdata          m_ws.l(atan.o)
    0x0800a4e0   0x0800a4e0   0x00000038   Data   RO         3995    .constdata          m_ws.l(log.o)
    0x0800a518   0x0800a518   0x00000008   Data   RO         4037    .constdata          m_ws.l(qnan.o)
    0x0800a520   0x0800a520   0x00000020   Data   RO         4181    Region$$Table       anon$$obj.o


    Execution Region RW_IRAM1 (Exec base: 0x20000000, Load base: 0x0800a540, Size: 0x00000848, Max: 0x0000c000, ABSOLUTE)

    Exec Addr    Load Addr    Size         Type   Attr      Idx    E Section Name        Object

    0x20000000   0x0800a540   0x00000084   Data   RW           25    .data               main.o
    0x20000084   0x0800a5c4   0x00000014   Data   RW          252    .data               system_stm32f10x.o
    0x20000098   0x0800a5d8   0x00000014   Data   RW         1879    .data               stm32f10x_rcc.o
    0x200000ac   0x0800a5ec   0x00000051   Data   RW         3275    .data               ad9854.o
    0x200000fd   0x0800a63d   0x00000001   PAD
    0x200000fe   0x0800a63e   0x00000004   Data   RW         3412    .data               delay.o
    0x20000102   0x0800a642   0x00000002   PAD
    0x20000104   0x0800a644   0x00000006   Data   RW         3468    .data               usart.o
    0x2000010a   0x0800a64a   0x00000004   Data   RW         3645    .data               lcd.o
    0x2000010e   0x0800a64e   0x00000002   PAD
    0x20000110        -       0x000000c8   Zero   RW         3467    .bss                usart.o
    0x200001d8        -       0x0000000e   Zero   RW         3643    .bss                lcd.o
    0x200001e6   0x0800a64e   0x00000002   PAD
    0x200001e8        -       0x00000060   Zero   RW         4039    .bss                c_w.l(libspace.o)
    0x20000248        -       0x00000200   Zero   RW           18    HEAP                startup_stm32f10x_hd.o
    0x20000448        -       0x00000400   Zero   RW           17    STACK               startup_stm32f10x_hd.o


==============================================================================

Image component sizes


      Code (inc. data)   RO Data    RW Data    ZI Data      Debug   Object Name

       940         78          0         81          0       7130   ad9854.o
       476         28          0          0          0       3453   adc.o
         0          0          0          0          0       4540   core_cm3.o
       220         26          0          4          0       1659   delay.o
        96         14          0          0          0        499   key.o
     20896        268       6080          4         14      27226   lcd.o
      3560        338          0        132          0     243364   main.o
       152         12          0          0          0       1494   misc.o
        64         26        304          0       1536        788   startup_stm32f10x_hd.o
       486         24          0          0          0       8406   stm32f10x_adc.o
       448          6          0          0          0       4402   stm32f10x_gpio.o
        26          0          0          0          0       3558   stm32f10x_it.o
       300         38          0         20          0       4881   stm32f10x_rcc.o
       408          6          0          0          0       4906   stm32f10x_usart.o
       328         28          0         20          0       2005   system_stm32f10x.o
       330         26          0          6        200       4052   usart.o

    ----------------------------------------------------------------------
     28756        918       6416        272       1752     322363   Object Totals
         0          0         32          0          0          0   (incl. Generated)
        26          0          0          5          2          0   (incl. Padding)

    ----------------------------------------------------------------------

      Code (inc. data)   RO Data    RW Data    ZI Data      Debug   Library Member Name

         8          0          0          0          0         68   __main.o
       104          0          0          0          0         84   __printf.o
         0          0          0          0          0          0   __rtentry.o
        12          0          0          0          0          0   __rtentry2.o
         6          0          0          0          0          0   __rtentry4.o
        52          8          0          0          0          0   __scatter.o
        26          0          0          0          0          0   __scatter_copy.o
        28          0          0          0          0          0   __scatter_zi.o
        48          6          0          0          0         96   _printf_char_common.o
        36          4          0          0          0         80   _printf_char_file.o
        88          4         40          0          0         88   _printf_hex_int.o
       178          0          0          0          0         88   _printf_intcommon.o
         0          0          0          0          0          0   _printf_percent.o
         4          0          0          0          0          0   _printf_percent_end.o
         6          0          0          0          0          0   _printf_x.o
        22          0          0          0          0        100   _rserrno.o
        18          0          0          0          0         80   exit.o
         8          0          0          0          0         68   ferror.o
         6          0          0          0          0        152   heapauxi.o
         2          0          0          0          0          0   libinit.o
         2          0          0          0          0          0   libinit2.o
         2          0          0          0          0          0   libshutdown.o
         2          0          0          0          0          0   libshutdown2.o
         8          4          0          0         96         68   libspace.o
       238          0          0          0          0        100   lludivv7m.o
        24          4          0          0          0         84   noretval__2printf.o
         8          4          0          0          0         68   rt_errno_addr_intlibspace.o
         2          0          0          0          0          0   rtexit.o
        10          0          0          0          0          0   rtexit2.o
        74          0          0          0          0         80   sys_stackheap_outer.o
         2          0          0          0          0         68   use_no_semi.o
         2          0          0          0          0         68   use_no_semi_2.o
       826         16          0          0          0        348   daddsub_clz.o
        16          4          0          0          0         68   dcheck1.o
        24          0          0          0          0         68   dcmpi.o
       688        140          0          0          0        208   ddiv.o
       120          4          0          0          0         92   deqf.o
        94          4          0          0          0         92   dfix.o
        90          4          0          0          0         92   dfixu.o
       120          4          0          0          0        104   dfixull.o
        84          0          0          0          0        136   dflt_clz.o
       138          0          0          0          0         84   dfltll_clz.o
       120          4          0          0          0         92   dleqf.o
       340         12          0          0          0        104   dmul.o
       156          4          0          0          0         92   dnaninf.o
        12          0          0          0          0         68   dretinf.o
       108          0          0          0          0         80   drleqf.o
       460         56          0          0          0        120   dsqrt_noumaal.o
        86          4          0          0          0         84   f2d.o
       140          4          0          0          0         84   fnaninf.o
       100          0          0          0          0         68   retnan.o
        92          0          0          0          0         68   scalbn.o
        48          0          0          0          0         68   trapv.o
         0          0          0          0          0          0   usenofp.o
       544         70        152          0          0        124   atan.o
        50         10          0          0          0        272   dunder.o
        40          0          0          0          0         68   fpclassify.o
       860         52         56          0          0        256   log.o
       228         30          0          0          0        120   log10.o
       170          0          0          0          0         96   poly.o
         0          0          8          0          0          0   qnan.o
        76          0          0          0          0         84   sqrt.o

    ----------------------------------------------------------------------
      6872        456        260          0         96       4680   Library Totals
        16          0          4          0          0          0   (incl. Padding)

    ----------------------------------------------------------------------

      Code (inc. data)   RO Data    RW Data    ZI Data      Debug   Library Name

      1026         34         40          0         96       1440   c_w.l
      3862        260          0          0          0       2220   fz_ws.l
      1968        162        216          0          0       1020   m_ws.l

    ----------------------------------------------------------------------
      6872        456        260          0         96       4680   Library Totals

    ----------------------------------------------------------------------

==============================================================================


      Code (inc. data)   RO Data    RW Data    ZI Data      Debug   

     35628       1374       6676        272       1848     320331   Grand Totals
     35628       1374       6676        272       1848     320331   ELF Image Totals
     35628       1374       6676        272          0          0   ROM Totals

==============================================================================

    Total RO  Size (Code + RO Data)                42304 (  41.31kB)
    Total RW  Size (RW Data + ZI Data)              2120 (   2.07kB)
    Total ROM Size (Code + RO Data + RW Data)      42576 (  41.58kB)

==============================================================================

